Archive member included to satisfy reference by file (symbol)

../../freertos/libfreertos.a(queue.c.obj)
                              CMakeFiles/blink.dir/main.c.obj (xQueueGenericCreate)
../../freertos/libfreertos.a(tasks.c.obj)
                              CMakeFiles/blink.dir/main.c.obj (xTaskCreate)
../../freertos/libfreertos.a(timers.c.obj)
                              ../../freertos/libfreertos.a(tasks.c.obj) (xTimerCreateTimerTask)
../../freertos/libfreertos.a(heap_3.c.obj)
                              ../../freertos/libfreertos.a(queue.c.obj) (pvPortMalloc)
../../freertos/libfreertos.a(port.c.obj)
                              ../../freertos/libfreertos.a(tasks.c.obj) (pxPortInitialiseStack)
../../freertos/libfreertos.a(list.c.obj)
                              ../../freertos/libfreertos.a(queue.c.obj) (vListInitialise)
/usr/lib/gcc/arm-none-eabi/9.2.1/thumb/v6-m/nofp/libgcc.a(_dvmd_tls.o)
                              CMakeFiles/blink.dir/home/louati/pico/pico-sdk/src/rp2_common/pico_divider/divider.S.obj (__aeabi_idiv0)
/usr/lib/gcc/arm-none-eabi/9.2.1/../../../arm-none-eabi/lib/thumb/v6-m/nofp/libc.a(lib_a-atexit.o)
                              /usr/lib/gcc/arm-none-eabi/9.2.1/../../../arm-none-eabi/lib/thumb/v6-m/nofp/crt0.o (atexit)
/usr/lib/gcc/arm-none-eabi/9.2.1/../../../arm-none-eabi/lib/thumb/v6-m/nofp/libc.a(lib_a-calloc.o)
                              CMakeFiles/blink.dir/home/louati/pico/pico-sdk/src/rp2_common/pico_malloc/pico_malloc.c.obj (calloc)
/usr/lib/gcc/arm-none-eabi/9.2.1/../../../arm-none-eabi/lib/thumb/v6-m/nofp/libc.a(lib_a-callocr.o)
                              /usr/lib/gcc/arm-none-eabi/9.2.1/../../../arm-none-eabi/lib/thumb/v6-m/nofp/libc.a(lib_a-calloc.o) (_calloc_r)
/usr/lib/gcc/arm-none-eabi/9.2.1/../../../arm-none-eabi/lib/thumb/v6-m/nofp/libc.a(lib_a-fini.o)
                              /usr/lib/gcc/arm-none-eabi/9.2.1/../../../arm-none-eabi/lib/thumb/v6-m/nofp/crt0.o (__libc_fini_array)
/usr/lib/gcc/arm-none-eabi/9.2.1/../../../arm-none-eabi/lib/thumb/v6-m/nofp/libc.a(lib_a-impure.o)
                              /usr/lib/gcc/arm-none-eabi/9.2.1/../../../arm-none-eabi/lib/thumb/v6-m/nofp/libc.a(lib_a-calloc.o) (_impure_ptr)
/usr/lib/gcc/arm-none-eabi/9.2.1/../../../arm-none-eabi/lib/thumb/v6-m/nofp/libc.a(lib_a-init.o)
                              /usr/lib/gcc/arm-none-eabi/9.2.1/../../../arm-none-eabi/lib/thumb/v6-m/nofp/crt0.o (__libc_init_array)
/usr/lib/gcc/arm-none-eabi/9.2.1/../../../arm-none-eabi/lib/thumb/v6-m/nofp/libc.a(lib_a-malloc.o)
                              CMakeFiles/blink.dir/home/louati/pico/pico-sdk/src/rp2_common/pico_malloc/pico_malloc.c.obj (malloc)
/usr/lib/gcc/arm-none-eabi/9.2.1/../../../arm-none-eabi/lib/thumb/v6-m/nofp/libc.a(lib_a-mallocr.o)
                              /usr/lib/gcc/arm-none-eabi/9.2.1/../../../arm-none-eabi/lib/thumb/v6-m/nofp/libc.a(lib_a-callocr.o) (_malloc_r)
/usr/lib/gcc/arm-none-eabi/9.2.1/../../../arm-none-eabi/lib/thumb/v6-m/nofp/libc.a(lib_a-mlock.o)
                              /usr/lib/gcc/arm-none-eabi/9.2.1/../../../arm-none-eabi/lib/thumb/v6-m/nofp/libc.a(lib_a-mallocr.o) (__malloc_lock)
/usr/lib/gcc/arm-none-eabi/9.2.1/../../../arm-none-eabi/lib/thumb/v6-m/nofp/libc.a(lib_a-sbrkr.o)
                              /usr/lib/gcc/arm-none-eabi/9.2.1/../../../arm-none-eabi/lib/thumb/v6-m/nofp/libc.a(lib_a-mallocr.o) (_sbrk_r)
/usr/lib/gcc/arm-none-eabi/9.2.1/../../../arm-none-eabi/lib/thumb/v6-m/nofp/libc.a(lib_a-strlen-stub.o)
                              CMakeFiles/blink.dir/home/louati/pico/pico-sdk/src/rp2_common/pico_stdio/stdio.c.obj (strlen)
/usr/lib/gcc/arm-none-eabi/9.2.1/../../../arm-none-eabi/lib/thumb/v6-m/nofp/libc.a(lib_a-__atexit.o)
                              /usr/lib/gcc/arm-none-eabi/9.2.1/../../../arm-none-eabi/lib/thumb/v6-m/nofp/libc.a(lib_a-atexit.o) (__register_exitproc)
/usr/lib/gcc/arm-none-eabi/9.2.1/../../../arm-none-eabi/lib/thumb/v6-m/nofp/libc.a(lib_a-freer.o)
                              /usr/lib/gcc/arm-none-eabi/9.2.1/../../../arm-none-eabi/lib/thumb/v6-m/nofp/libc.a(lib_a-malloc.o) (_free_r)
/usr/lib/gcc/arm-none-eabi/9.2.1/../../../arm-none-eabi/lib/thumb/v6-m/nofp/libc.a(lib_a-reent.o)
                              /usr/lib/gcc/arm-none-eabi/9.2.1/../../../arm-none-eabi/lib/thumb/v6-m/nofp/libc.a(lib_a-sbrkr.o) (errno)

Allocating common symbols
Common symbol       size              file

sf_table            0x100             CMakeFiles/blink.dir/home/louati/pico/pico-sdk/src/rp2_common/pico_float/float_init_rom.c.obj
errno               0x4               /usr/lib/gcc/arm-none-eabi/9.2.1/../../../arm-none-eabi/lib/thumb/v6-m/nofp/libc.a(lib_a-reent.o)
xQueueRegistry      0x50              ../../freertos/libfreertos.a(queue.c.obj)
_usbd_qdef_buf      0xc0              CMakeFiles/blink.dir/home/louati/pico/pico-sdk/lib/tinyusb/src/device/usbd.c.obj
[...]
Memory Configuration

Name             Origin             Length             Attributes
FLASH            0x0000000010000000 0x0000000000200000 xr
RAM              0x0000000020000000 0x0000000000040000 xrw
SCRATCH_X        0x0000000020040000 0x0000000000001000 xrw
SCRATCH_Y        0x0000000020041000 0x0000000000001000 xrw
*default*        0x0000000000000000 0xffffffffffffffff

Linker script and memory map

LOAD /usr/lib/gcc/arm-none-eabi/9.2.1/thumb/v6-m/nofp/crti.o
LOAD /usr/lib/gcc/arm-none-eabi/9.2.1/thumb/v6-m/nofp/crtbegin.o
LOAD /usr/lib/gcc/arm-none-eabi/9.2.1/../../../arm-none-eabi/lib/thumb/v6-m/nofp/crt0.o

.flash_begin    0x0000000010000000        0x0
                0x0000000010000000                __flash_binary_start = .

.boot2          0x0000000010000000      0x100
                0x0000000010000000                __boot2_start__ = .
 *(.boot2)
 .boot2         0x0000000010000000      0x100 /tmp/ccYplFpX.o
                0x0000000010000100                __boot2_end__ = .
                0x0000000000000001                ASSERT (((__boot2_end__ - __boot2_start__) == 0x100), ERROR: Pico second stage bootloader must be 256 bytes in size)

.text           0x0000000010000100     0x7dd8
                0x0000000010000100                __logical_binary_start = .
 *(.vectors)
 .vectors       0x0000000010000100       0xd4 CMakeFiles/blink.dir/home/louati/pico/pico-sdk/src/rp2_common/pico_standard_link/crt0.S.obj
                0x0000000010000100                __vectors
                0x0000000010000100                __VECTOR_TABLE
                0x00000000100001c0                isr_invalid
                0x00000000100001c0                __default_isrs_start
                0x00000000100001c2                isr_nmi
                0x00000000100001c4                isr_hardfault
                0x00000000100001cc                isr_irq30
                0x00000000100001cc                __unhandled_user_irq
                0x00000000100001cc                isr_irq13
                0x00000000100001cc                isr_irq27
                0x00000000100001cc                isr_irq31
                0x00000000100001cc                isr_irq5
                0x00000000100001cc                isr_irq11
                0x00000000100001cc                isr_irq23
                0x00000000100001cc                isr_irq18
                0x00000000100001cc                isr_irq28
                0x00000000100001cc                isr_irq19
                0x00000000100001cc                isr_irq0
                0x00000000100001cc                isr_irq6
                0x00000000100001cc                isr_irq22
                0x00000000100001cc                isr_irq17
                0x00000000100001cc                isr_irq14
                0x00000000100001cc                isr_irq2
                0x00000000100001cc                isr_irq10
                0x00000000100001cc                isr_irq8
                0x00000000100001cc                isr_irq24
                0x00000000100001cc                isr_irq1
                0x00000000100001cc                isr_irq7
                0x00000000100001cc                isr_irq21
                0x00000000100001cc                isr_irq20
                0x00000000100001cc                isr_irq15
                0x00000000100001cc                isr_irq25
                0x00000000100001cc                isr_irq4
                0x00000000100001cc                isr_irq16
                0x00000000100001cc                isr_irq29
                0x00000000100001cc                isr_irq26
                0x00000000100001cc                __default_isrs_end
                0x00000000100001cc                isr_irq3
                0x00000000100001cc                isr_irq12
                0x00000000100001cc                isr_irq9
                0x00000000100001d2                unhandled_user_irq_num_in_r0
 *(.binary_info_header)
 .binary_info_header
                0x00000000100001d4       0x14 CMakeFiles/blink.dir/home/louati/pico/pico-sdk/src/rp2_common/pico_standard_link/crt0.S.obj
                0x00000000100001e8                __binary_info_header_end = .
 *(.reset)
 .reset         0x00000000100001e8       0xa8 CMakeFiles/blink.dir/home/louati/pico/pico-sdk/src/rp2_common/pico_standard_link/crt0.S.obj
                0x00000000100001e8                _entry_point
                0x0000000010000266                __get_current_exception
 .reset         0x0000000010000290       0x30 CMakeFiles/blink.dir/home/louati/pico/pico-sdk/src/rp2_common/pico_standard_link/binary_info.c.obj
 *(.init)
 .init          0x00000000100002c0        0x4 /usr/lib/gcc/arm-none-eabi/9.2.1/thumb/v6-m/nofp/crti.o
                0x00000000100002c0                _init
 *(EXCLUDE_FILE(*libm.a: *libc.a:*lib_a-mem*.o *libgcc.a:) .text*)
 .text          0x00000000100002c4       0x98 /usr/lib/gcc/arm-none-eabi/9.2.1/thumb/v6-m/nofp/crtbegin.o
 .text.SchedulerTestTask1
                0x000000001000035c       0x18 CMakeFiles/blink.dir/main.c.obj
                0x000000001000035c                SchedulerTestTask1
 .text.SchedulerTestTask2
                0x0000000010000374       0x18 CMakeFiles/blink.dir/main.c.obj
                0x0000000010000374                SchedulerTestTask2
 .text.startup.main
                0x000000001000038c       0x5c CMakeFiles/blink.dir/main.c.obj
                0x000000001000038c                main
 .text.hw_claim_or_assert
                0x00000000100003e8       0x48 CMakeFiles/blink.dir/home/louati/pico/pico-sdk/src/rp2_common/hardware_claim/claim.c.obj
                0x00000000100003e8                hw_claim_or_assert
 .text.hw_claim_unused_from_range
                0x0000000010000430       0x9c CMakeFiles/blink.dir/home/louati/pico/pico-sdk/src/rp2_common/hardware_claim/claim.c.obj
                0x0000000010000430                hw_claim_unused_from_range
 .text.running_on_fpga
                0x00000000100004cc       0x10 CMakeFiles/blink.dir/home/louati/pico/pico-sdk/src/rp2_common/pico_platform/platform.c.obj
                0x00000000100004cc                running_on_fpga
 .text.spin_locks_reset
                0x00000000100004dc       0x1c CMakeFiles/blink.dir/home/louati/pico/pico-sdk/src/rp2_common/hardware_sync/sync.c.obj
                0x00000000100004dc                spin_locks_reset
 .text.next_striped_spin_lock_num
                0x00000000100004f8       0x18 CMakeFiles/blink.dir/home/louati/pico/pico-sdk/src/rp2_common/hardware_sync/sync.c.obj
                0x00000000100004f8                next_striped_spin_lock_num
 .text.spin_lock_claim_unused
                0x0000000010000510       0x20 CMakeFiles/blink.dir/home/louati/pico/pico-sdk/src/rp2_common/hardware_sync/sync.c.obj
                0x0000000010000510                spin_lock_claim_unused
 .text.timer_pool_entry_comparator
                0x0000000010000530       0x34 CMakeFiles/blink.dir/home/louati/pico/pico-sdk/src/common/pico_time/time.c.obj
                0x0000000010000530                timer_pool_entry_comparator
 .text.sleep_until_callback
                0x0000000010000564       0x30 CMakeFiles/blink.dir/home/louati/pico/pico-sdk/src/common/pico_time/time.c.obj
 .text.alarm_pool_add_alarm_at.constprop.0
                0x0000000010000594      0x128 CMakeFiles/blink.dir/home/louati/pico/pico-sdk/src/common/pico_time/time.c.obj
 .text.add_alarm_under_lock
                0x00000000100006bc      0x108 CMakeFiles/blink.dir/home/louati/pico/pico-sdk/src/common/pico_time/time.c.obj
 .text.alarm_pool_alarm_callback
                0x00000000100007c4      0x1c8 CMakeFiles/blink.dir/home/louati/pico/pico-sdk/src/common/pico_time/time.c.obj
 .text.alarm_pool_init_default
                0x000000001000098c       0x64 CMakeFiles/blink.dir/home/louati/pico/pico-sdk/src/common/pico_time/time.c.obj
                0x000000001000098c                alarm_pool_init_default
 .text.alarm_pool_get_default
                0x00000000100009f0        0x8 CMakeFiles/blink.dir/home/louati/pico/pico-sdk/src/common/pico_time/time.c.obj
                0x00000000100009f0                alarm_pool_get_default
 .text.alarm_pool_add_alarm_at
                0x00000000100009f8      0x1ac CMakeFiles/blink.dir/home/louati/pico/pico-sdk/src/common/pico_time/time.c.obj
                0x00000000100009f8                alarm_pool_add_alarm_at
 .text.best_effort_wfe_or_timeout
                0x0000000010000ba4       0xd4 CMakeFiles/blink.dir/home/louati/pico/pico-sdk/src/common/pico_time/time.c.obj
                0x0000000010000ba4                best_effort_wfe_or_timeout
 .text.hardware_alarm_irq_handler
                0x0000000010000c78       0xb8 CMakeFiles/blink.dir/home/louati/pico/pico-sdk/src/rp2_common/hardware_timer/timer.c.obj
 .text.hardware_alarm_claim
                0x0000000010000d30       0x18 CMakeFiles/blink.dir/home/louati/pico/pico-sdk/src/rp2_common/hardware_timer/timer.c.obj
                0x0000000010000d30                hardware_alarm_claim
 .text.time_us_64
                0x0000000010000d48       0x14 CMakeFiles/blink.dir/home/louati/pico/pico-sdk/src/rp2_common/hardware_timer/timer.c.obj
                0x0000000010000d48                time_us_64
 .text.hardware_alarm_set_callback
                0x0000000010000d5c       0x8c CMakeFiles/blink.dir/home/louati/pico/pico-sdk/src/rp2_common/hardware_timer/timer.c.obj
                0x0000000010000d5c                hardware_alarm_set_callback
 .text.hardware_alarm_set_target
                0x0000000010000de8       0xe4 CMakeFiles/blink.dir/home/louati/pico/pico-sdk/src/rp2_common/hardware_timer/timer.c.obj
                0x0000000010000de8                hardware_alarm_set_target
 .text.hardware_alarm_cancel
                0x0000000010000ecc       0x40 CMakeFiles/blink.dir/home/louati/pico/pico-sdk/src/rp2_common/hardware_timer/timer.c.obj
                0x0000000010000ecc                hardware_alarm_cancel
 .text.lock_init
                0x0000000010000f0c       0x10 CMakeFiles/blink.dir/home/louati/pico/pico-sdk/src/common/pico_sync/lock_core.c.obj
                0x0000000010000f0c                lock_init
 .text.mutex_init
                0x0000000010000f1c       0x1c CMakeFiles/blink.dir/home/louati/pico/pico-sdk/src/common/pico_sync/mutex.c.obj
                0x0000000010000f1c                mutex_init
 .text.recursive_mutex_init
                0x0000000010000f38       0x1c CMakeFiles/blink.dir/home/louati/pico/pico-sdk/src/common/pico_sync/mutex.c.obj
                0x0000000010000f38                recursive_mutex_init
 .text.critical_section_init
                0x0000000010000f54       0x1c CMakeFiles/blink.dir/home/louati/pico/pico-sdk/src/common/pico_sync/critical_section.c.obj
                0x0000000010000f54                critical_section_init
 .text.ph_merge_nodes
                0x0000000010000f70       0x68 CMakeFiles/blink.dir/home/louati/pico/pico-sdk/src/common/pico_util/pheap.c.obj
 .text.ph_post_alloc_init
                0x0000000010000fd8       0x3c CMakeFiles/blink.dir/home/louati/pico/pico-sdk/src/common/pico_util/pheap.c.obj
                0x0000000010000fd8                ph_post_alloc_init
 .text.ph_merge_two_pass
                0x0000000010001014       0x90 CMakeFiles/blink.dir/home/louati/pico/pico-sdk/src/common/pico_util/pheap.c.obj
                0x0000000010001014                ph_merge_two_pass
 .text.ph_remove_any_head
                0x00000000100010a4       0xf8 CMakeFiles/blink.dir/home/louati/pico/pico-sdk/src/common/pico_util/pheap.c.obj
 .text.ph_remove_head
                0x000000001000119c      0x13c CMakeFiles/blink.dir/home/louati/pico/pico-sdk/src/common/pico_util/pheap.c.obj
                0x000000001000119c                ph_remove_head
 .text.ph_remove_and_free_node
                0x00000000100012d8       0x7c CMakeFiles/blink.dir/home/louati/pico/pico-sdk/src/common/pico_util/pheap.c.obj
                0x00000000100012d8                ph_remove_and_free_node
 .text.runtime_init
                0x0000000010001354       0xfc CMakeFiles/blink.dir/home/louati/pico/pico-sdk/src/rp2_common/pico_runtime/runtime.c.obj
                0x0000000010001354                runtime_init
 .text._sbrk    0x0000000010001450       0x34 CMakeFiles/blink.dir/home/louati/pico/pico-sdk/src/rp2_common/pico_runtime/runtime.c.obj
                0x0000000010001450                _sbrk
 .text.exit     0x0000000010001484        0x4 CMakeFiles/blink.dir/home/louati/pico/pico-sdk/src/rp2_common/pico_runtime/runtime.c.obj
                0x0000000010001484                exit
 .text.panic    0x0000000010001488       0x30 CMakeFiles/blink.dir/home/louati/pico/pico-sdk/src/rp2_common/pico_runtime/runtime.c.obj
                0x0000000010001488                panic
 .text.hard_assertion_failure
                0x00000000100014b8        0xc CMakeFiles/blink.dir/home/louati/pico/pico-sdk/src/rp2_common/pico_runtime/runtime.c.obj
                0x00000000100014b8                hard_assertion_failure
 .text.clocks_init
                0x00000000100014c4      0x2bc CMakeFiles/blink.dir/home/louati/pico/pico-sdk/src/rp2_common/hardware_clocks/clocks.c.obj
                0x00000000100014c4                clocks_init
 .text.irq_set_enabled
                0x0000000010001780       0x24 CMakeFiles/blink.dir/home/louati/pico/pico-sdk/src/rp2_common/hardware_irq/irq.c.obj
                0x0000000010001780                irq_set_enabled
 .text.irq_set_pending
                0x00000000100017a4       0x10 CMakeFiles/blink.dir/home/louati/pico/pico-sdk/src/rp2_common/hardware_irq/irq.c.obj
                0x00000000100017a4                irq_set_pending
 .text.irq_get_vtable_handler
                0x00000000100017b4       0x10 CMakeFiles/blink.dir/home/louati/pico/pico-sdk/src/rp2_common/hardware_irq/irq.c.obj
                0x00000000100017b4                irq_get_vtable_handler
 .text.irq_set_exclusive_handler
                0x00000000100017c4       0x54 CMakeFiles/blink.dir/home/louati/pico/pico-sdk/src/rp2_common/hardware_irq/irq.c.obj
                0x00000000100017c4                irq_set_exclusive_handler
 .text.irq_remove_handler
                0x0000000010001818      0x1b8 CMakeFiles/blink.dir/home/louati/pico/pico-sdk/src/rp2_common/hardware_irq/irq.c.obj
                0x0000000010001818                irq_remove_handler
 .text.irq_add_tail_to_free_list
                0x00000000100019d0       0xb8 CMakeFiles/blink.dir/home/louati/pico/pico-sdk/src/rp2_common/hardware_irq/irq.c.obj
                0x00000000100019d0                irq_add_tail_to_free_list
 .text.irq_init_priorities
                0x0000000010001a88       0x38 CMakeFiles/blink.dir/home/louati/pico/pico-sdk/src/rp2_common/hardware_irq/irq.c.obj
                0x0000000010001a88                irq_init_priorities
 .text.pll_init
                0x0000000010001ac0       0xa4 CMakeFiles/blink.dir/home/louati/pico/pico-sdk/src/rp2_common/hardware_pll/pll.c.obj
                0x0000000010001ac0                pll_init
 .text.watchdog_start_tick
                0x0000000010001b64       0x10 CMakeFiles/blink.dir/home/louati/pico/pico-sdk/src/rp2_common/hardware_watchdog/watchdog.c.obj
                0x0000000010001b64                watchdog_start_tick
 .text.watchdog_reboot
                0x0000000010001b74       0x98 CMakeFiles/blink.dir/home/louati/pico/pico-sdk/src/rp2_common/hardware_watchdog/watchdog.c.obj
                0x0000000010001b74                watchdog_reboot
 .text.xosc_init
                0x0000000010001c0c       0x28 CMakeFiles/blink.dir/home/louati/pico/pico-sdk/src/rp2_common/hardware_xosc/xosc.c.obj
                0x0000000010001c0c                xosc_init
 .text._out_char
                0x0000000010001c34       0x10 CMakeFiles/blink.dir/home/louati/pico/pico-sdk/src/rp2_common/pico_printf/printf.c.obj
 .text.weak_raw_vprintf
                0x0000000010001c44       0x30 CMakeFiles/blink.dir/home/louati/pico/pico-sdk/src/rp2_common/pico_printf/printf.c.obj
                0x0000000010001c44                weak_raw_vprintf
 .text          0x0000000010001c74       0x10 CMakeFiles/blink.dir/home/louati/pico/pico-sdk/src/rp2_common/pico_bit_ops/bit_ops_aeabi.S.obj
 .text.rom_func_lookup
                0x0000000010001c84       0x10 CMakeFiles/blink.dir/home/louati/pico/pico-sdk/src/rp2_common/pico_bootrom/bootrom.c.obj
                0x0000000010001c84                rom_func_lookup
 .text.rom_data_lookup
                0x0000000010001c94       0x10 CMakeFiles/blink.dir/home/louati/pico/pico-sdk/src/rp2_common/pico_bootrom/bootrom.c.obj
                0x0000000010001c94                rom_data_lookup
 .text.rom_funcs_lookup
                0x0000000010001ca4       0x3c CMakeFiles/blink.dir/home/louati/pico/pico-sdk/src/rp2_common/pico_bootrom/bootrom.c.obj
                0x0000000010001ca4                rom_funcs_lookup
 .text.__wrap___aeabi_uidiv
                0x0000000010001ce0       0x4c CMakeFiles/blink.dir/home/louati/pico/pico-sdk/src/rp2_common/pico_divider/divider.S.obj
                0x0000000010001ce0                __wrap___aeabi_uidiv
                0x0000000010001ce0                __wrap___aeabi_uidivmod
                0x0000000010001ce0                div_u32u32
                0x0000000010001ce0                divmod_u32u32
                0x0000000010001ce8                divmod_u32u32_unsafe
                0x0000000010001d10                divmod_u32u32_savestate
 .text.__aeabi_double_init
                0x0000000010001d2c       0xac CMakeFiles/blink.dir/home/louati/pico/pico-sdk/src/rp2_common/pico_double/double_init_rom.c.obj
                0x0000000010001d2c                __aeabi_double_init
 .text.double_table_shim_on_use_helper
                0x0000000010001dd8       0x2c CMakeFiles/blink.dir/home/louati/pico/pico-sdk/src/rp2_common/pico_double/double_v1_rom_shim.S.obj
                0x0000000010001dd8                double_table_shim_on_use_helper
 .text.__aeabi_lmul
                0x0000000010001e04       0x32 CMakeFiles/blink.dir/home/louati/pico/pico-sdk/src/rp2_common/pico_int64_ops/pico_int64_ops_aeabi.S.obj
                0x0000000010001e04                __wrap___aeabi_lmul
 *fill*         0x0000000010001e36        0x2 
 .text.__aeabi_float_init
                0x0000000010001e38       0x64 CMakeFiles/blink.dir/home/louati/pico/pico-sdk/src/rp2_common/pico_float/float_init_rom.c.obj
                0x0000000010001e38                __aeabi_float_init
 .text.float_table_shim_on_use_helper
                0x0000000010001e9c       0x2c CMakeFiles/blink.dir/home/louati/pico/pico-sdk/src/rp2_common/pico_float/float_v1_rom_shim.S.obj
                0x0000000010001e9c                float_table_shim_on_use_helper
 .text.__wrap_malloc
                0x0000000010001ec8       0x24 CMakeFiles/blink.dir/home/louati/pico/pico-sdk/src/rp2_common/pico_malloc/pico_malloc.c.obj
                0x0000000010001ec8                __wrap_malloc
 .text.__wrap_free
                0x0000000010001eec        0x8 CMakeFiles/blink.dir/home/louati/pico/pico-sdk/src/rp2_common/pico_malloc/pico_malloc.c.obj
                0x0000000010001eec                __wrap_free
 .text          0x0000000010001ef4       0x10 CMakeFiles/blink.dir/home/louati/pico/pico-sdk/src/rp2_common/pico_mem_ops/mem_ops_aeabi.S.obj
                0x0000000010001ef4                __aeabi_mem_init
 .text.memset   0x0000000010001f04        0xc CMakeFiles/blink.dir/home/louati/pico/pico-sdk/src/rp2_common/pico_mem_ops/mem_ops_aeabi.S.obj
                0x0000000010001f04                __wrap_memset
 .text.memcpy   0x0000000010001f10        0xc CMakeFiles/blink.dir/home/louati/pico/pico-sdk/src/rp2_common/pico_mem_ops/mem_ops_aeabi.S.obj
                0x0000000010001f10                __wrap___aeabi_memcpy
                0x0000000010001f10                __wrap_memcpy
 .text.stdio_out_chars_crlf.part.0
                0x0000000010001f1c       0x84 CMakeFiles/blink.dir/home/louati/pico/pico-sdk/src/rp2_common/pico_stdio/stdio.c.obj
 .text.stdio_put_string
                0x0000000010001fa0      0x100 CMakeFiles/blink.dir/home/louati/pico/pico-sdk/src/rp2_common/pico_stdio/stdio.c.obj
 .text.__wrap_putchar
                0x00000000100020a0       0x1c CMakeFiles/blink.dir/home/louati/pico/pico-sdk/src/rp2_common/pico_stdio/stdio.c.obj
                0x00000000100020a0                __wrap_putchar
 .text.__wrap_puts
                0x00000000100020bc       0x3c CMakeFiles/blink.dir/home/louati/pico/pico-sdk/src/rp2_common/pico_stdio/stdio.c.obj
                0x00000000100020bc                __wrap_puts
 .text.stdio_set_driver_enabled
                0x00000000100020f8       0x3c CMakeFiles/blink.dir/home/louati/pico/pico-sdk/src/rp2_common/pico_stdio/stdio.c.obj
                0x00000000100020f8                stdio_set_driver_enabled
 .text.stdio_init_all
                0x0000000010002134        0x8 CMakeFiles/blink.dir/home/louati/pico/pico-sdk/src/rp2_common/pico_stdio/stdio.c.obj
                0x0000000010002134                stdio_init_all
 .text.resetd_init
                0x000000001000213c        0x4 CMakeFiles/blink.dir/home/louati/pico/pico-sdk/src/rp2_common/pico_stdio_usb/reset_interface.c.obj
 .text.resetd_reset
                0x0000000010002140        0xc CMakeFiles/blink.dir/home/louati/pico/pico-sdk/src/rp2_common/pico_stdio_usb/reset_interface.c.obj
 .text.resetd_open
                0x000000001000214c       0x28 CMakeFiles/blink.dir/home/louati/pico/pico-sdk/src/rp2_common/pico_stdio_usb/reset_interface.c.obj
 .text.resetd_xfer_cb
                0x0000000010002174        0x4 CMakeFiles/blink.dir/home/louati/pico/pico-sdk/src/rp2_common/pico_stdio_usb/reset_interface.c.obj
 .text.resetd_control_xfer_cb
                0x0000000010002178       0x64 CMakeFiles/blink.dir/home/louati/pico/pico-sdk/src/rp2_common/pico_stdio_usb/reset_interface.c.obj
 .text.usbd_app_driver_get_cb
                0x00000000100021dc        0xc CMakeFiles/blink.dir/home/louati/pico/pico-sdk/src/rp2_common/pico_stdio_usb/reset_interface.c.obj
                0x00000000100021dc                usbd_app_driver_get_cb
 .text.tud_cdc_line_coding_cb
                0x00000000100021e8       0x34 CMakeFiles/blink.dir/home/louati/pico/pico-sdk/src/rp2_common/pico_stdio_usb/reset_interface.c.obj
                0x00000000100021e8                tud_cdc_line_coding_cb
 .text.stdio_usb_in_chars
                0x000000001000221c       0x68 CMakeFiles/blink.dir/home/louati/pico/pico-sdk/src/rp2_common/pico_stdio_usb/stdio_usb.c.obj
                0x000000001000221c                stdio_usb_in_chars
 .text.stdio_usb_out_chars
                0x0000000010002284       0xec CMakeFiles/blink.dir/home/louati/pico/pico-sdk/src/rp2_common/pico_stdio_usb/stdio_usb.c.obj
 .text.timer_task
                0x0000000010002370       0x10 CMakeFiles/blink.dir/home/louati/pico/pico-sdk/src/rp2_common/pico_stdio_usb/stdio_usb.c.obj
 .text.low_priority_worker_irq
                0x0000000010002380       0x24 CMakeFiles/blink.dir/home/louati/pico/pico-sdk/src/rp2_common/pico_stdio_usb/stdio_usb.c.obj
 .text.stdio_usb_init
                0x00000000100023a4       0x90 CMakeFiles/blink.dir/home/louati/pico/pico-sdk/src/rp2_common/pico_stdio_usb/stdio_usb.c.obj
                0x00000000100023a4                stdio_usb_init
 .text.tud_descriptor_device_cb
                0x0000000010002434        0x8 CMakeFiles/blink.dir/home/louati/pico/pico-sdk/src/rp2_common/pico_stdio_usb/stdio_usb_descriptors.c.obj
                0x0000000010002434                tud_descriptor_device_cb
 .text.tud_descriptor_configuration_cb
                0x000000001000243c        0x8 CMakeFiles/blink.dir/home/louati/pico/pico-sdk/src/rp2_common/pico_stdio_usb/stdio_usb_descriptors.c.obj
                0x000000001000243c                tud_descriptor_configuration_cb
 .text.tud_descriptor_string_cb
                0x0000000010002444       0x70 CMakeFiles/blink.dir/home/louati/pico/pico-sdk/src/rp2_common/pico_stdio_usb/stdio_usb_descriptors.c.obj
                0x0000000010002444                tud_descriptor_string_cb
 .text.dcd_rp2040_irq
                0x00000000100024b4      0x148 CMakeFiles/blink.dir/home/louati/pico/pico-sdk/lib/tinyusb/src/portable/raspberrypi/rp2040/dcd_rp2040.c.obj
 .text.dcd_int_enable
                0x00000000100025fc        0xc CMakeFiles/blink.dir/home/louati/pico/pico-sdk/lib/tinyusb/src/portable/raspberrypi/rp2040/dcd_rp2040.c.obj
                0x00000000100025fc                dcd_int_enable
 .text.dcd_set_address
                0x0000000010002608       0x28 CMakeFiles/blink.dir/home/louati/pico/pico-sdk/lib/tinyusb/src/portable/raspberrypi/rp2040/dcd_rp2040.c.obj
                0x0000000010002608                dcd_set_address
 .text.dcd_connect
                0x0000000010002630       0x10 CMakeFiles/blink.dir/home/louati/pico/pico-sdk/lib/tinyusb/src/portable/raspberrypi/rp2040/dcd_rp2040.c.obj
                0x0000000010002630                dcd_connect
 .text.dcd_init
                0x0000000010002640       0xa0 CMakeFiles/blink.dir/home/louati/pico/pico-sdk/lib/tinyusb/src/portable/raspberrypi/rp2040/dcd_rp2040.c.obj
                0x0000000010002640                dcd_init
 .text.dcd_edpt0_status_complete
                0x00000000100026e0       0x30 CMakeFiles/blink.dir/home/louati/pico/pico-sdk/lib/tinyusb/src/portable/raspberrypi/rp2040/dcd_rp2040.c.obj
                0x00000000100026e0                dcd_edpt0_status_complete
 .text.dcd_edpt_open
                0x0000000010002710      0x130 CMakeFiles/blink.dir/home/louati/pico/pico-sdk/lib/tinyusb/src/portable/raspberrypi/rp2040/dcd_rp2040.c.obj
                0x0000000010002710                dcd_edpt_open
 .text.dcd_edpt_xfer
                0x0000000010002840       0x28 CMakeFiles/blink.dir/home/louati/pico/pico-sdk/lib/tinyusb/src/portable/raspberrypi/rp2040/dcd_rp2040.c.obj
                0x0000000010002840                dcd_edpt_xfer
 .text.dcd_edpt_stall
                0x0000000010002868       0x48 CMakeFiles/blink.dir/home/louati/pico/pico-sdk/lib/tinyusb/src/portable/raspberrypi/rp2040/dcd_rp2040.c.obj
                0x0000000010002868                dcd_edpt_stall
 .text.dcd_edpt_clear_stall
                0x00000000100028b0       0x48 CMakeFiles/blink.dir/home/louati/pico/pico-sdk/lib/tinyusb/src/portable/raspberrypi/rp2040/dcd_rp2040.c.obj
                0x00000000100028b0                dcd_edpt_clear_stall
 .text._hw_endpoint_buffer_control_update32.part.0
                0x00000000100028f8       0x20 CMakeFiles/blink.dir/home/louati/pico/pico-sdk/lib/tinyusb/src/portable/raspberrypi/rp2040/rp2040_usb.c.obj
 .text.rp2040_usb_init
                0x0000000010002918       0x50 CMakeFiles/blink.dir/home/louati/pico/pico-sdk/lib/tinyusb/src/portable/raspberrypi/rp2040/rp2040_usb.c.obj
                0x0000000010002918                rp2040_usb_init
 .text.hw_endpoint_reset_transfer
                0x0000000010002968        0xc CMakeFiles/blink.dir/home/louati/pico/pico-sdk/lib/tinyusb/src/portable/raspberrypi/rp2040/rp2040_usb.c.obj
                0x0000000010002968                hw_endpoint_reset_transfer
 .text._hw_endpoint_buffer_control_update32
                0x0000000010002974       0x40 CMakeFiles/blink.dir/home/louati/pico/pico-sdk/lib/tinyusb/src/portable/raspberrypi/rp2040/rp2040_usb.c.obj
                0x0000000010002974                _hw_endpoint_buffer_control_update32
 .text._hw_endpoint_xfer_continue
                0x00000000100029b4      0x104 CMakeFiles/blink.dir/home/louati/pico/pico-sdk/lib/tinyusb/src/portable/raspberrypi/rp2040/rp2040_usb.c.obj
                0x00000000100029b4                _hw_endpoint_xfer_continue
 .text._hw_endpoint_xfer
                0x0000000010002ab8       0xac CMakeFiles/blink.dir/home/louati/pico/pico-sdk/lib/tinyusb/src/portable/raspberrypi/rp2040/rp2040_usb.c.obj
                0x0000000010002ab8                _hw_endpoint_xfer
 .text.tud_mounted
                0x0000000010002b64       0x10 CMakeFiles/blink.dir/home/louati/pico/pico-sdk/lib/tinyusb/src/device/usbd.c.obj
                0x0000000010002b64                tud_mounted
 .text.tud_suspended
                0x0000000010002b74       0x10 CMakeFiles/blink.dir/home/louati/pico/pico-sdk/lib/tinyusb/src/device/usbd.c.obj
                0x0000000010002b74                tud_suspended
 .text.tud_inited
                0x0000000010002b84        0xc CMakeFiles/blink.dir/home/louati/pico/pico-sdk/lib/tinyusb/src/device/usbd.c.obj
                0x0000000010002b84                tud_inited
 .text.tud_init
                0x0000000010002b90       0xd8 CMakeFiles/blink.dir/home/louati/pico/pico-sdk/lib/tinyusb/src/device/usbd.c.obj
                0x0000000010002b90                tud_init
 .text.tud_task
                0x0000000010002c68      0x7f8 CMakeFiles/blink.dir/home/louati/pico/pico-sdk/lib/tinyusb/src/device/usbd.c.obj
                0x0000000010002c68                tud_task
 .text.dcd_event_bus_signal
                0x0000000010003460       0xe8 CMakeFiles/blink.dir/home/louati/pico/pico-sdk/lib/tinyusb/src/device/usbd.c.obj
                0x0000000010003460                dcd_event_bus_signal
 .text.dcd_event_bus_reset
                0x0000000010003548       0x54 CMakeFiles/blink.dir/home/louati/pico/pico-sdk/lib/tinyusb/src/device/usbd.c.obj
                0x0000000010003548                dcd_event_bus_reset
 .text.dcd_event_setup_received
                0x000000001000359c       0x50 CMakeFiles/blink.dir/home/louati/pico/pico-sdk/lib/tinyusb/src/device/usbd.c.obj
                0x000000001000359c                dcd_event_setup_received
 .text.dcd_event_xfer_complete
                0x00000000100035ec       0x68 CMakeFiles/blink.dir/home/louati/pico/pico-sdk/lib/tinyusb/src/device/usbd.c.obj
                0x00000000100035ec                dcd_event_xfer_complete
 .text.usbd_open_edpt_pair
                0x0000000010003654       0xe4 CMakeFiles/blink.dir/home/louati/pico/pico-sdk/lib/tinyusb/src/device/usbd.c.obj
                0x0000000010003654                usbd_open_edpt_pair
 .text.usbd_edpt_open
                0x0000000010003738       0xa8 CMakeFiles/blink.dir/home/louati/pico/pico-sdk/lib/tinyusb/src/device/usbd.c.obj
                0x0000000010003738                usbd_edpt_open
 .text.usbd_edpt_claim
                0x00000000100037e0       0x64 CMakeFiles/blink.dir/home/louati/pico/pico-sdk/lib/tinyusb/src/device/usbd.c.obj
                0x00000000100037e0                usbd_edpt_claim
 .text.usbd_edpt_release
                0x0000000010003844       0x4c CMakeFiles/blink.dir/home/louati/pico/pico-sdk/lib/tinyusb/src/device/usbd.c.obj
                0x0000000010003844                usbd_edpt_release
 .text.usbd_edpt_xfer
                0x0000000010003890       0x48 CMakeFiles/blink.dir/home/louati/pico/pico-sdk/lib/tinyusb/src/device/usbd.c.obj
                0x0000000010003890                usbd_edpt_xfer
 .text.tud_control_status
                0x00000000100038d8       0x30 CMakeFiles/blink.dir/home/louati/pico/pico-sdk/lib/tinyusb/src/device/usbd_control.c.obj
                0x00000000100038d8                tud_control_status
 .text.tud_control_xfer
                0x0000000010003908       0xb8 CMakeFiles/blink.dir/home/louati/pico/pico-sdk/lib/tinyusb/src/device/usbd_control.c.obj
                0x0000000010003908                tud_control_xfer
 .text.usbd_control_reset
                0x00000000100039c0       0x14 CMakeFiles/blink.dir/home/louati/pico/pico-sdk/lib/tinyusb/src/device/usbd_control.c.obj
                0x00000000100039c0                usbd_control_reset
 .text.usbd_control_set_complete_callback
                0x00000000100039d4        0xc CMakeFiles/blink.dir/home/louati/pico/pico-sdk/lib/tinyusb/src/device/usbd_control.c.obj
                0x00000000100039d4                usbd_control_set_complete_callback
 .text.usbd_control_set_request
                0x00000000100039e0       0x1c CMakeFiles/blink.dir/home/louati/pico/pico-sdk/lib/tinyusb/src/device/usbd_control.c.obj
                0x00000000100039e0                usbd_control_set_request
 .text.usbd_control_xfer_cb
                0x00000000100039fc       0xf8 CMakeFiles/blink.dir/home/louati/pico/pico-sdk/lib/tinyusb/src/device/usbd_control.c.obj
                0x00000000100039fc                usbd_control_xfer_cb
 .text.tud_cdc_n_connected
                0x0000000010003af4       0x30 CMakeFiles/blink.dir/home/louati/pico/pico-sdk/lib/tinyusb/src/class/cdc/cdc_device.c.obj
                0x0000000010003af4                tud_cdc_n_connected
 .text.tud_cdc_n_available
                0x0000000010003b24       0x18 CMakeFiles/blink.dir/home/louati/pico/pico-sdk/lib/tinyusb/src/class/cdc/cdc_device.c.obj
                0x0000000010003b24                tud_cdc_n_available
 .text.tud_cdc_n_read
                0x0000000010003b3c       0x70 CMakeFiles/blink.dir/home/louati/pico/pico-sdk/lib/tinyusb/src/class/cdc/cdc_device.c.obj
                0x0000000010003b3c                tud_cdc_n_read
 .text.tud_cdc_n_write_flush
                0x0000000010003bac       0x78 CMakeFiles/blink.dir/home/louati/pico/pico-sdk/lib/tinyusb/src/class/cdc/cdc_device.c.obj
                0x0000000010003bac                tud_cdc_n_write_flush
 .text.tud_cdc_n_write
                0x0000000010003c24       0x34 CMakeFiles/blink.dir/home/louati/pico/pico-sdk/lib/tinyusb/src/class/cdc/cdc_device.c.obj
                0x0000000010003c24                tud_cdc_n_write
 .text.tud_cdc_n_write_available
                0x0000000010003c58       0x18 CMakeFiles/blink.dir/home/louati/pico/pico-sdk/lib/tinyusb/src/class/cdc/cdc_device.c.obj
                0x0000000010003c58                tud_cdc_n_write_available
 .text.cdcd_init
                0x0000000010003c70       0x7c CMakeFiles/blink.dir/home/louati/pico/pico-sdk/lib/tinyusb/src/class/cdc/cdc_device.c.obj
                0x0000000010003c70                cdcd_init
 .text.cdcd_reset
                0x0000000010003cec       0x2c CMakeFiles/blink.dir/home/louati/pico/pico-sdk/lib/tinyusb/src/class/cdc/cdc_device.c.obj
                0x0000000010003cec                cdcd_reset
 .text.cdcd_open
                0x0000000010003d18       0xec CMakeFiles/blink.dir/home/louati/pico/pico-sdk/lib/tinyusb/src/class/cdc/cdc_device.c.obj
                0x0000000010003d18                cdcd_open
 .text.cdcd_control_xfer_cb
                0x0000000010003e04       0xe0 CMakeFiles/blink.dir/home/louati/pico/pico-sdk/lib/tinyusb/src/class/cdc/cdc_device.c.obj
                0x0000000010003e04                cdcd_control_xfer_cb
 .text.cdcd_xfer_cb
                0x0000000010003ee4      0x198 CMakeFiles/blink.dir/home/louati/pico/pico-sdk/lib/tinyusb/src/class/cdc/cdc_device.c.obj
                0x0000000010003ee4                cdcd_xfer_cb
 .text.tusb_init
                0x000000001000407c        0xc CMakeFiles/blink.dir/home/louati/pico/pico-sdk/lib/tinyusb/src/tusb.c.obj
                0x000000001000407c                tusb_init
 .text.tusb_inited
                0x0000000010004088        0x8 CMakeFiles/blink.dir/home/louati/pico/pico-sdk/lib/tinyusb/src/tusb.c.obj
                0x0000000010004088                tusb_inited
 .text.tu_fifo_config
                0x0000000010004090       0x78 CMakeFiles/blink.dir/home/louati/pico/pico-sdk/lib/tinyusb/src/common/tusb_fifo.c.obj
                0x0000000010004090                tu_fifo_config
 .text.tu_fifo_count
                0x0000000010004108       0x20 CMakeFiles/blink.dir/home/louati/pico/pico-sdk/lib/tinyusb/src/common/tusb_fifo.c.obj
                0x0000000010004108                tu_fifo_count
 .text.tu_fifo_empty
                0x0000000010004128       0x10 CMakeFiles/blink.dir/home/louati/pico/pico-sdk/lib/tinyusb/src/common/tusb_fifo.c.obj
                0x0000000010004128                tu_fifo_empty
 .text.tu_fifo_remaining
                0x0000000010004138       0x1c CMakeFiles/blink.dir/home/louati/pico/pico-sdk/lib/tinyusb/src/common/tusb_fifo.c.obj
                0x0000000010004138                tu_fifo_remaining
 .text.tu_fifo_read
                0x0000000010004154       0x9c CMakeFiles/blink.dir/home/louati/pico/pico-sdk/lib/tinyusb/src/common/tusb_fifo.c.obj
                0x0000000010004154                tu_fifo_read
 .text.tu_fifo_read_n
                0x00000000100041f0       0xfc CMakeFiles/blink.dir/home/louati/pico/pico-sdk/lib/tinyusb/src/common/tusb_fifo.c.obj
                0x00000000100041f0                tu_fifo_read_n
 .text.tu_fifo_write
                0x00000000100042ec       0x78 CMakeFiles/blink.dir/home/louati/pico/pico-sdk/lib/tinyusb/src/common/tusb_fifo.c.obj
                0x00000000100042ec                tu_fifo_write
 .text.tu_fifo_write_n
                0x0000000010004364      0x118 CMakeFiles/blink.dir/home/louati/pico/pico-sdk/lib/tinyusb/src/common/tusb_fifo.c.obj
                0x0000000010004364                tu_fifo_write_n
 .text.tu_fifo_clear
                0x000000001000447c       0x4c CMakeFiles/blink.dir/home/louati/pico/pico-sdk/lib/tinyusb/src/common/tusb_fifo.c.obj
                0x000000001000447c                tu_fifo_clear
 .text.tu_fifo_set_overwritable
                0x00000000100044c8       0x3c CMakeFiles/blink.dir/home/louati/pico/pico-sdk/lib/tinyusb/src/common/tusb_fifo.c.obj
                0x00000000100044c8                tu_fifo_set_overwritable
 .text.startup._retrieve_unique_id_on_boot
                0x0000000010004504       0x10 CMakeFiles/blink.dir/home/louati/pico/pico-sdk/src/rp2_common/pico_unique_id/unique_id.c.obj
 .text.pico_get_unique_board_id_string
                0x0000000010004514      0x1bc CMakeFiles/blink.dir/home/louati/pico/pico-sdk/src/rp2_common/pico_unique_id/unique_id.c.obj
                0x0000000010004514                pico_get_unique_board_id_string
 .text.flash_get_unique_id
                0x00000000100046d0       0x40 CMakeFiles/blink.dir/home/louati/pico/pico-sdk/src/rp2_common/hardware_flash/flash.c.obj
                0x00000000100046d0                flash_get_unique_id
 .text          0x0000000010004710     0x1204 ../../freertos/libfreertos.a(queue.c.obj)
                0x0000000010004710                xQueueGenericReset
                0x00000000100047b0                xQueueGenericCreate
                0x0000000010004848                xQueueGenericSend
                0x0000000010004b68                xQueueGenericSendFromISR
                0x0000000010004c7c                xQueueGiveFromISR
                0x0000000010004ce8                xQueueReceive
                0x0000000010004f90                xQueueSemaphoreTake
                0x0000000010005214                xQueuePeek
                0x00000000100054b0                xQueueReceiveFromISR
                0x0000000010005540                xQueuePeekFromISR
                0x0000000010005580                uxQueueMessagesWaiting
                0x0000000010005594                uxQueueSpacesAvailable
                0x00000000100055ac                uxQueueMessagesWaitingFromISR
                0x00000000100055b0                vQueueDelete
                0x000000001000562c                xQueueIsQueueEmptyFromISR
                0x0000000010005634                xQueueIsQueueFullFromISR
                0x0000000010005640                vQueueAddToRegistry
                0x0000000010005758                pcQueueGetName
                0x00000000100057cc                vQueueUnregisterQueue
                0x0000000010005844                vQueueWaitForMessageRestricted
 .text          0x0000000010005914     0x1568 ../../freertos/libfreertos.a(tasks.c.obj)
                0x0000000010005af0                xTaskCreate
                0x0000000010005d2c                vTaskDelete
                0x0000000010005dc4                uxTaskPriorityGet
                0x0000000010005de4                uxTaskPriorityGetFromISR
                0x0000000010005e04                vTaskPrioritySet
                0x0000000010005ec0                vTaskSuspend
                0x0000000010006000                vTaskResume
                0x0000000010006084                xTaskResumeFromISR
                0x0000000010006124                vTaskStartScheduler
                0x00000000100062a8                vTaskEndScheduler
                0x00000000100062bc                vTaskSuspendAll
                0x00000000100062cc                xTaskResumeAll
                0x0000000010006404                xTaskDelayUntil
                0x0000000010006480                vTaskDelay
                0x00000000100064d4                xTaskGetTickCount
                0x00000000100064e0                xTaskGetTickCountFromISR
                0x00000000100064ec                uxTaskGetNumberOfTasks
                0x00000000100064f8                pcTaskGetName
                0x000000001000650c                xTaskCatchUpTicks
                0x0000000010006538                xTaskIncrementTick
                0x000000001000655c                vTaskSwitchContext
                0x0000000010006604                vTaskPlaceOnEventList
                0x0000000010006678                vTaskPlaceOnUnorderedEventList
                0x0000000010006714                vTaskPlaceOnEventListRestricted
                0x00000000100067b0                xTaskRemoveFromEventList
                0x0000000010006878                vTaskRemoveFromUnorderedEventList
                0x000000001000690c                vTaskSetTimeOutState
                0x0000000010006928                vTaskInternalSetTimeOutState
                0x0000000010006938                xTaskCheckForTimeOut
                0x0000000010006988                vTaskMissedYield
                0x0000000010006994                vTaskSetThreadLocalStoragePointer
                0x00000000100069b0                pvTaskGetThreadLocalStoragePointer
                0x00000000100069d0                xTaskGetCurrentTaskHandle
                0x00000000100069dc                xTaskGetSchedulerState
                0x00000000100069f4                uxTaskResetEventItemValue
                0x0000000010006a0c                ulTaskGenericNotifyTake
                0x0000000010006a88                xTaskGenericNotifyWait
                0x0000000010006b24                xTaskGenericNotify
                0x0000000010006c10                xTaskGenericNotifyFromISR
                0x0000000010006d3c                vTaskGenericNotifyGiveFromISR
                0x0000000010006e1c                xTaskGenericNotifyStateClear
                0x0000000010006e4c                ulTaskGenericNotifyValueClear
 .text          0x0000000010006e7c      0x520 ../../freertos/libfreertos.a(timers.c.obj)
                0x0000000010007180                xTimerCreateTimerTask
                0x00000000100071f4                xTimerCreate
                0x000000001000729c                xTimerGenericCommand
                0x00000000100072f0                xTimerGetTimerDaemonTaskHandle
                0x00000000100072fc                xTimerGetPeriod
                0x0000000010007300                vTimerSetReloadMode
                0x0000000010007324                xTimerGetReloadMode
                0x000000001000733c                uxTimerGetReloadMode
                0x0000000010007354                xTimerGetExpiryTime
                0x0000000010007358                pcTimerGetName
                0x000000001000735c                xTimerIsTimerActive
                0x0000000010007374                pvTimerGetTimerID
                0x0000000010007388                vTimerSetTimerID
 .text          0x000000001000739c       0x30 ../../freertos/libfreertos.a(heap_3.c.obj)
                0x000000001000739c                pvPortMalloc
                0x00000000100073b4                vPortFree
 *fill*         0x00000000100073cc        0x4 
 .text          0x00000000100073d0      0x194 ../../freertos/libfreertos.a(port.c.obj)
                0x0000000010007414                pxPortInitialiseStack
                0x0000000010007434                isr_svcall
                0x0000000010007438                vPortEndScheduler
                0x000000001000743c                vPortYield
                0x0000000010007454                vPortEnterCritical
                0x000000001000746c                vPortExitCritical
                0x0000000010007480                ulSetInterruptMaskFromISR
                0x0000000010007488                vClearInterruptMaskFromISR
                0x0000000010007490                isr_pendsv
                0x00000000100074d4                isr_systick
                0x00000000100074f8                vPortSetupTimerInterrupt
                0x0000000010007520                xPortStartScheduler
 .text          0x0000000010007564       0x8c ../../freertos/libfreertos.a(list.c.obj)
                0x0000000010007564                vListInitialise
                0x000000001000757c                vListInitialiseItem
                0x0000000010007584                vListInsertEnd
                0x000000001000759c                vListInsert
                0x00000000100075cc                uxListRemove
 .text          0x00000000100075f0       0x28 /usr/lib/gcc/arm-none-eabi/9.2.1/../../../arm-none-eabi/lib/thumb/v6-m/nofp/libc.a(lib_a-malloc.o)
                0x00000000100075f0                malloc
                0x0000000010007604                free
 .text          0x0000000010007618      0x574 /usr/lib/gcc/arm-none-eabi/9.2.1/../../../arm-none-eabi/lib/thumb/v6-m/nofp/libc.a(lib_a-mallocr.o)
                0x0000000010007618                _malloc_r
 .text          0x0000000010007b8c        0x8 /usr/lib/gcc/arm-none-eabi/9.2.1/../../../arm-none-eabi/lib/thumb/v6-m/nofp/libc.a(lib_a-mlock.o)
                0x0000000010007b8c                __malloc_lock
                0x0000000010007b90                __malloc_unlock
 .text          0x0000000010007b94       0x24 /usr/lib/gcc/arm-none-eabi/9.2.1/../../../arm-none-eabi/lib/thumb/v6-m/nofp/libc.a(lib_a-sbrkr.o)
                0x0000000010007b94                _sbrk_r
 .text          0x0000000010007bb8       0x5c /usr/lib/gcc/arm-none-eabi/9.2.1/../../../arm-none-eabi/lib/thumb/v6-m/nofp/libc.a(lib_a-strlen-stub.o)
                0x0000000010007bb8                strlen
 .text          0x0000000010007c14      0x260 /usr/lib/gcc/arm-none-eabi/9.2.1/../../../arm-none-eabi/lib/thumb/v6-m/nofp/libc.a(lib_a-freer.o)
                0x0000000010007c14                _malloc_trim_r
                0x0000000010007cb0                _free_r
 *(.fini)
 .fini          0x0000000010007e74        0x4 /usr/lib/gcc/arm-none-eabi/9.2.1/thumb/v6-m/nofp/crti.o
                0x0000000010007e74                _fini
 .fini.__stub   0x0000000010007e78       0x60 linker stubs
 *crtbegin.o(.ctors)
 *crtbegin?.o(.ctors)
 *(EXCLUDE_FILE(*crtend.o *crtend?.o) .ctors)
 *(SORT_BY_NAME(.ctors.*))
 *(.ctors)
 *crtbegin.o(.dtors)
 *crtbegin?.o(.dtors)
 *(EXCLUDE_FILE(*crtend.o *crtend?.o) .dtors)
 *(SORT_BY_NAME(.dtors.*))
 *(.dtors)
 *(.eh_frame*)
 .eh_frame      0x0000000010007ed8        0x0 /usr/lib/gcc/arm-none-eabi/9.2.1/thumb/v6-m/nofp/crtbegin.o
                0x0000000010007ed8                . = ALIGN (0x4)

.glue_7         0x0000000010007ed8        0x0
 .glue_7        0x0000000010007ed8        0x0 linker stubs

.glue_7t        0x0000000010007ed8        0x0
 .glue_7t       0x0000000010007ed8        0x0 linker stubs

.vfp11_veneer   0x0000000010007ed8        0x0
 .vfp11_veneer  0x0000000010007ed8        0x0 linker stubs

.v4_bx          0x0000000010007ed8        0x0
 .v4_bx         0x0000000010007ed8        0x0 linker stubs

.iplt           0x0000000010007ed8        0x0
 .iplt          0x0000000010007ed8        0x0 /usr/lib/gcc/arm-none-eabi/9.2.1/thumb/v6-m/nofp/crtbegin.o

.rodata         0x0000000010007ed8      0x390
 *(EXCLUDE_FILE(*libm.a: *libc.a:*lib_a-mem*.o *libgcc.a:) .rodata*)
 .rodata.SchedulerTestTask1.str1.4
                0x0000000010007ed8       0x1c CMakeFiles/blink.dir/main.c.obj
 .rodata.SchedulerTestTask2.str1.4
                0x0000000010007ef4       0x1c CMakeFiles/blink.dir/main.c.obj
 .rodata.main.str1.4
                0x0000000010007f10        0xf CMakeFiles/blink.dir/main.c.obj
 *fill*         0x0000000010007f1f        0x1 
 .rodata.spin_lock_claim_unused.str1.4
                0x0000000010007f20       0x1b CMakeFiles/blink.dir/home/louati/pico/pico-sdk/src/rp2_common/hardware_sync/sync.c.obj
 *fill*         0x0000000010007f3b        0x1 
 .rodata.hardware_alarm_claim.str1.4
                0x0000000010007f3c       0x22 CMakeFiles/blink.dir/home/louati/pico/pico-sdk/src/rp2_common/hardware_timer/timer.c.obj
 *fill*         0x0000000010007f5e        0x2 
 .rodata.panic.str1.4
                0x0000000010007f60       0x12 CMakeFiles/blink.dir/home/louati/pico/pico-sdk/src/rp2_common/pico_runtime/runtime.c.obj
 *fill*         0x0000000010007f72        0x2 
 .rodata.hard_assertion_failure.str1.4
                0x0000000010007f74        0xc CMakeFiles/blink.dir/home/louati/pico/pico-sdk/src/rp2_common/pico_runtime/runtime.c.obj
 .rodata.__wrap_malloc.str1.4
                0x0000000010007f80        0xe CMakeFiles/blink.dir/home/louati/pico/pico-sdk/src/rp2_common/pico_malloc/pico_malloc.c.obj
 *fill*         0x0000000010007f8e        0x2 
 .rodata.str1.4
                0x0000000010007f90       0x3c CMakeFiles/blink.dir/home/louati/pico/pico-sdk/src/rp2_common/pico_standard_link/binary_info.c.obj
 .rodata.__bi_44
                0x0000000010007fcc        0xc CMakeFiles/blink.dir/home/louati/pico/pico-sdk/src/rp2_common/pico_standard_link/binary_info.c.obj
 .rodata.__bi_75
                0x0000000010007fd8        0xc CMakeFiles/blink.dir/home/louati/pico/pico-sdk/src/rp2_common/pico_standard_link/binary_info.c.obj
 .rodata.__bi_81
                0x0000000010007fe4        0xc CMakeFiles/blink.dir/home/louati/pico/pico-sdk/src/rp2_common/pico_standard_link/binary_info.c.obj
 .rodata.crlf_str.5866
                0x0000000010007ff0        0x2 CMakeFiles/blink.dir/home/louati/pico/pico-sdk/src/rp2_common/pico_stdio/stdio.c.obj
 *fill*         0x0000000010007ff2        0x2 
 .rodata._resetd_driver
                0x0000000010007ff4       0x18 CMakeFiles/blink.dir/home/louati/pico/pico-sdk/src/rp2_common/pico_stdio_usb/reset_interface.c.obj
 .rodata.str1.4
                0x000000001000800c       0x13 CMakeFiles/blink.dir/home/louati/pico/pico-sdk/src/rp2_common/pico_stdio_usb/stdio_usb.c.obj
 *fill*         0x000000001000801f        0x1 
 .rodata.__bi_93.7123
                0x0000000010008020        0xc CMakeFiles/blink.dir/home/louati/pico/pico-sdk/src/rp2_common/pico_stdio_usb/stdio_usb.c.obj
 .rodata.str1.4
                0x000000001000802c       0x2a CMakeFiles/blink.dir/home/louati/pico/pico-sdk/src/rp2_common/pico_stdio_usb/stdio_usb_descriptors.c.obj
 *fill*         0x0000000010008056        0x2 
 .rodata.usbd_desc_cfg
                0x0000000010008058       0x54 CMakeFiles/blink.dir/home/louati/pico/pico-sdk/src/rp2_common/pico_stdio_usb/stdio_usb_descriptors.c.obj
 .rodata.usbd_desc_device
                0x00000000100080ac       0x12 CMakeFiles/blink.dir/home/louati/pico/pico-sdk/src/rp2_common/pico_stdio_usb/stdio_usb_descriptors.c.obj
 *fill*         0x00000000100080be        0x2 
 .rodata.usbd_desc_str
                0x00000000100080c0       0x18 CMakeFiles/blink.dir/home/louati/pico/pico-sdk/src/rp2_common/pico_stdio_usb/stdio_usb_descriptors.c.obj
 .rodata.dcd_rp2040_irq.str1.4
                0x00000000100080d8       0x14 CMakeFiles/blink.dir/home/louati/pico/pico-sdk/lib/tinyusb/src/portable/raspberrypi/rp2040/dcd_rp2040.c.obj
 .rodata.dcd_edpt_open.str1.4
                0x00000000100080ec       0x28 CMakeFiles/blink.dir/home/louati/pico/pico-sdk/lib/tinyusb/src/portable/raspberrypi/rp2040/dcd_rp2040.c.obj
 .rodata._hw_endpoint_buffer_control_update32.part.0.str1.4
                0x0000000010008114       0x1f CMakeFiles/blink.dir/home/louati/pico/pico-sdk/lib/tinyusb/src/portable/raspberrypi/rp2040/rp2040_usb.c.obj
 *fill*         0x0000000010008133        0x1 
 .rodata._hw_endpoint_xfer_continue.str1.4
                0x0000000010008134       0x50 CMakeFiles/blink.dir/home/louati/pico/pico-sdk/lib/tinyusb/src/portable/raspberrypi/rp2040/rp2040_usb.c.obj
 .rodata.str1.4
                0x0000000010008184        0x7 CMakeFiles/blink.dir/home/louati/pico/pico-sdk/lib/tinyusb/src/portable/raspberrypi/rp2040/rp2040_usb.c.obj
 *fill*         0x000000001000818b        0x1 
 .rodata.tud_task
                0x000000001000818c       0x8c CMakeFiles/blink.dir/home/louati/pico/pico-sdk/lib/tinyusb/src/device/usbd.c.obj
 .rodata._usbd_driver
                0x0000000010008218       0x18 CMakeFiles/blink.dir/home/louati/pico/pico-sdk/lib/tinyusb/src/device/usbd.c.obj
 .rodata        0x0000000010008230       0x28 ../../freertos/libfreertos.a(timers.c.obj)
 .rodata.str1.4
                0x0000000010008258       0x10 ../../freertos/libfreertos.a(timers.c.obj)
                0x0000000010008268                . = ALIGN (0x4)
 *(SORT_BY_ALIGNMENT(SORT_BY_NAME(.flashdata*)))
                0x0000000010008268                . = ALIGN (0x4)

.rel.dyn        0x0000000010008268        0x0
 .rel.iplt      0x0000000010008268        0x0 /usr/lib/gcc/arm-none-eabi/9.2.1/thumb/v6-m/nofp/crtbegin.o

.ARM.extab
 *(.ARM.extab* .gnu.linkonce.armextab.*)
                0x0000000010008268                __exidx_start = .

.ARM.exidx
 *(.ARM.exidx* .gnu.linkonce.armexidx.*)
                0x0000000010008268                __exidx_end = .
                0x0000000010008268                . = ALIGN (0x4)
                0x0000000010008268                __binary_info_start = .

.binary_info    0x0000000010008268       0x20
 *(.binary_info.keep.*)
 .binary_info.keep.__bi_ptr22
                0x0000000010008268        0x4 CMakeFiles/blink.dir/home/louati/pico/pico-sdk/src/rp2_common/pico_standard_link/binary_info.c.obj
 .binary_info.keep.__bi_ptr30
                0x000000001000826c        0x4 CMakeFiles/blink.dir/home/louati/pico/pico-sdk/src/rp2_common/pico_standard_link/binary_info.c.obj
 .binary_info.keep.__bi_ptr38
                0x0000000010008270        0x4 CMakeFiles/blink.dir/home/louati/pico/pico-sdk/src/rp2_common/pico_standard_link/binary_info.c.obj
 .binary_info.keep.__bi_ptr44
                0x0000000010008274        0x4 CMakeFiles/blink.dir/home/louati/pico/pico-sdk/src/rp2_common/pico_standard_link/binary_info.c.obj
 .binary_info.keep.__bi_ptr50
                0x0000000010008278        0x4 CMakeFiles/blink.dir/home/louati/pico/pico-sdk/src/rp2_common/pico_standard_link/binary_info.c.obj
 .binary_info.keep.__bi_ptr75
                0x000000001000827c        0x4 CMakeFiles/blink.dir/home/louati/pico/pico-sdk/src/rp2_common/pico_standard_link/binary_info.c.obj
 .binary_info.keep.__bi_ptr81
                0x0000000010008280        0x4 CMakeFiles/blink.dir/home/louati/pico/pico-sdk/src/rp2_common/pico_standard_link/binary_info.c.obj
 *(.binary_info.*)
 .binary_info.__bi_ptr93
                0x0000000010008284        0x4 CMakeFiles/blink.dir/home/louati/pico/pico-sdk/src/rp2_common/pico_stdio_usb/stdio_usb.c.obj
                0x0000000010008288                __binary_info_end = .
                0x0000000010008288                . = ALIGN (0x4)
                0x0000000010008288                __etext = .

.ram_vector_table
                0x0000000020000000       0xc0
 *(.ram_vector_table)
 .ram_vector_table
                0x0000000020000000       0xc0 CMakeFiles/blink.dir/home/louati/pico/pico-sdk/src/rp2_common/pico_runtime/runtime.c.obj
                0x0000000020000000                ram_vector_table

.data           0x00000000200000c0      0xc78 load address 0x0000000010008288
                0x00000000200000c0                __data_start__ = .
 *(vtable)
 *(.time_critical*)
 .time_critical.mutex_enter_blocking
                0x00000000200000c0       0x60 CMakeFiles/blink.dir/home/louati/pico/pico-sdk/src/common/pico_sync/mutex.c.obj
                0x00000000200000c0                mutex_enter_blocking
 .time_critical.mutex_try_enter
                0x0000000020000120       0x5c CMakeFiles/blink.dir/home/louati/pico/pico-sdk/src/common/pico_sync/mutex.c.obj
                0x0000000020000120                mutex_try_enter
 .time_critical.mutex_enter_timeout_ms
                0x000000002000017c       0xb0 CMakeFiles/blink.dir/home/louati/pico/pico-sdk/src/common/pico_sync/mutex.c.obj
                0x000000002000017c                mutex_enter_timeout_ms
 .time_critical.mutex_exit
                0x000000002000022c       0x5c CMakeFiles/blink.dir/home/louati/pico/pico-sdk/src/common/pico_sync/mutex.c.obj
                0x000000002000022c                mutex_exit
 .time_critical.flash_init_boot2_copyout
                0x0000000020000288       0x30 CMakeFiles/blink.dir/home/louati/pico/pico-sdk/src/rp2_common/hardware_flash/flash.c.obj
 .time_critical.flash_enable_xip_via_boot2
                0x00000000200002b8       0x10 CMakeFiles/blink.dir/home/louati/pico/pico-sdk/src/rp2_common/hardware_flash/flash.c.obj
 .time_critical.flash_cs_force
                0x00000000200002c8       0x38 CMakeFiles/blink.dir/home/louati/pico/pico-sdk/src/rp2_common/hardware_flash/flash.c.obj
 .time_critical.flash_do_cmd
                0x0000000020000300       0xa8 CMakeFiles/blink.dir/home/louati/pico/pico-sdk/src/rp2_common/hardware_flash/flash.c.obj
                0x0000000020000300                flash_do_cmd
 *(.text*)
 .text          0x00000000200003a8        0x4 /usr/lib/gcc/arm-none-eabi/9.2.1/thumb/v6-m/nofp/libgcc.a(_dvmd_tls.o)
                0x00000000200003a8                __aeabi_ldiv0
                0x00000000200003a8                __aeabi_idiv0
 *fill*         0x00000000200003ac        0x4 
 .text.__stub   0x00000000200003b0       0x40 linker stubs
                0x00000000200003f0                . = ALIGN (0x4)
 *(.rodata*)
                0x00000000200003f0                . = ALIGN (0x4)
 *(.data*)
 .data.striped_spin_lock_num
                0x00000000200003f0        0x1 CMakeFiles/blink.dir/home/louati/pico/pico-sdk/src/rp2_common/hardware_sync/sync.c.obj
 *fill*         0x00000000200003f1        0x3 
 .data.default_alarm_pool
                0x00000000200003f4       0x18 CMakeFiles/blink.dir/home/louati/pico/pico-sdk/src/common/pico_time/time.c.obj
 .data.default_alarm_pool_heap
                0x000000002000040c       0x10 CMakeFiles/blink.dir/home/louati/pico/pico-sdk/src/common/pico_time/time.c.obj
 .data          0x000000002000041c       0x48 CMakeFiles/blink.dir/home/louati/pico/pico-sdk/src/rp2_common/hardware_irq/irq_handler_chain.S.obj
                0x000000002000041c                irq_handler_chain_slots
                0x000000002000044c                irq_handler_chain_first_slot
                0x0000000020000456                irq_handler_chain_remove_tail
 *fill*         0x0000000020000464        0xc 
 .data.aeabi_bits_funcs
                0x0000000020000470       0x10 CMakeFiles/blink.dir/home/louati/pico/pico-sdk/src/rp2_common/pico_bit_ops/bit_ops_aeabi.S.obj
                0x0000000020000470                aeabi_bits_funcs
                0x0000000020000480                aeabi_bits_funcs_end
 .data.aeabi_mem_funcs
                0x0000000020000480       0x10 CMakeFiles/blink.dir/home/louati/pico/pico-sdk/src/rp2_common/pico_mem_ops/mem_ops_aeabi.S.obj
                0x0000000020000480                aeabi_mem_funcs
                0x0000000020000490                aeabi_mem_funcs_end
 .data.stdio_usb
                0x0000000020000490       0x14 CMakeFiles/blink.dir/home/louati/pico/pico-sdk/src/rp2_common/pico_stdio_usb/stdio_usb.c.obj
                0x0000000020000490                stdio_usb
 .data.ep_dir_string
                0x00000000200004a4        0x8 CMakeFiles/blink.dir/home/louati/pico/pico-sdk/lib/tinyusb/src/portable/raspberrypi/rp2040/rp2040_usb.c.obj
                0x00000000200004a4                ep_dir_string
 .data._usbd_qdef
                0x00000000200004ac       0x24 CMakeFiles/blink.dir/home/louati/pico/pico-sdk/lib/tinyusb/src/device/usbd.c.obj
                0x00000000200004ac                _usbd_qdef
 .data          0x00000000200004d0        0x4 ../../freertos/libfreertos.a(tasks.c.obj)
                0x00000000200004d0                uxTopUsedPriority
 .data          0x00000000200004d4        0x4 ../../freertos/libfreertos.a(port.c.obj)
 .data          0x00000000200004d8      0x430 /usr/lib/gcc/arm-none-eabi/9.2.1/../../../arm-none-eabi/lib/thumb/v6-m/nofp/libc.a(lib_a-impure.o)
                0x00000000200004d8                _impure_ptr
 .data          0x0000000020000908      0x410 /usr/lib/gcc/arm-none-eabi/9.2.1/../../../arm-none-eabi/lib/thumb/v6-m/nofp/libc.a(lib_a-mallocr.o)
                0x0000000020000908                __malloc_sbrk_base
                0x000000002000090c                __malloc_trim_threshold
                0x0000000020000910                __malloc_av_
                0x0000000020000d18                . = ALIGN (0x4)
 *(.after_data.*)
                0x0000000020000d18                . = ALIGN (0x4)
                0x0000000020000d18                PROVIDE (__mutex_array_start = .)
 *(SORT_BY_NAME(.mutex_array.*))
 *(.mutex_array)
 .mutex_array   0x0000000020000d18        0x8 CMakeFiles/blink.dir/home/louati/pico/pico-sdk/src/rp2_common/pico_stdio/stdio.c.obj
                0x0000000020000d20                PROVIDE (__mutex_array_end = .)
                0x0000000020000d20                . = ALIGN (0x4)
                0x0000000020000d20                PROVIDE (__preinit_array_start = .)
 *(SORT_BY_NAME(.preinit_array.*))
 .preinit_array.00001
                0x0000000020000d20        0x4 CMakeFiles/blink.dir/home/louati/pico/pico-sdk/src/rp2_common/pico_mem_ops/mem_ops_aeabi.S.obj
 .preinit_array.00010
                0x0000000020000d24        0x4 CMakeFiles/blink.dir/home/louati/pico/pico-sdk/src/rp2_common/pico_bit_ops/bit_ops_aeabi.S.obj
 .preinit_array.00020
                0x0000000020000d28        0x4 CMakeFiles/blink.dir/home/louati/pico/pico-sdk/src/rp2_common/pico_double/double_aeabi.S.obj
 .preinit_array.00020
                0x0000000020000d2c        0x4 CMakeFiles/blink.dir/home/louati/pico/pico-sdk/src/rp2_common/pico_float/float_aeabi.S.obj
 *(.preinit_array)
                0x0000000020000d30                PROVIDE (__preinit_array_end = .)
                0x0000000020000d30                . = ALIGN (0x4)
                0x0000000020000d30                PROVIDE (__init_array_start = .)
 *(SORT_BY_NAME(.init_array.*))
 *(.init_array)
 .init_array    0x0000000020000d30        0x4 /usr/lib/gcc/arm-none-eabi/9.2.1/thumb/v6-m/nofp/crtbegin.o
 .init_array    0x0000000020000d34        0x4 CMakeFiles/blink.dir/home/louati/pico/pico-sdk/src/rp2_common/pico_unique_id/unique_id.c.obj
                0x0000000020000d38                PROVIDE (__init_array_end = .)
                0x0000000020000d38                . = ALIGN (0x4)
                0x0000000020000d38                PROVIDE (__fini_array_start = .)
 *(SORT_BY_NAME(.fini_array.*))
 *(.fini_array)
                0x0000000020000d38                PROVIDE (__fini_array_end = .)
 *(.jcr)
                0x0000000020000d38                . = ALIGN (0x4)
                0x0000000020000d38                __data_end__ = .

.tm_clone_table
                0x0000000020000d38        0x0 load address 0x0000000010008f00
 .tm_clone_table
                0x0000000020000d38        0x0 /usr/lib/gcc/arm-none-eabi/9.2.1/thumb/v6-m/nofp/crtbegin.o
 .tm_clone_table
                0x0000000020000d38        0x0 /usr/lib/gcc/arm-none-eabi/9.2.1/thumb/v6-m/nofp/crtend.o

.igot.plt       0x0000000020000d38        0x0 load address 0x0000000010008f00
 .igot.plt      0x0000000020000d38        0x0 /usr/lib/gcc/arm-none-eabi/9.2.1/thumb/v6-m/nofp/crtbegin.o

.uninitialized_data
                0x0000000020000d38        0x0 load address 0x0000000010008f00
                0x0000000020000d38                . = ALIGN (0x4)
 *(.uninitialized_data*)

.scratch_x      0x0000000020040000        0x0 load address 0x0000000010008f00
                0x0000000020040000                __scratch_x_start__ = .
 *(.scratch_x.*)
                0x0000000020040000                . = ALIGN (0x4)
                0x0000000020040000                __scratch_x_end__ = .
                0x0000000010008f00                __scratch_x_source__ = LOADADDR (.scratch_x)

.scratch_y      0x0000000020041000        0x0 load address 0x0000000010008f00
                0x0000000020041000                __scratch_y_start__ = .
 *(.scratch_y.*)
                0x0000000020041000                . = ALIGN (0x4)
                0x0000000020041000                __scratch_y_end__ = .
                0x0000000010008f00                __scratch_y_source__ = LOADADDR (.scratch_y)

.bss            0x0000000020000d38      0xf38
                0x0000000020000d38                . = ALIGN (0x4)
                0x0000000020000d38                __bss_start__ = .
 *(SORT_BY_ALIGNMENT(SORT_BY_NAME(.bss*)))
 .bss.default_alarm_pool_entries
                0x0000000020000d38      0x100 CMakeFiles/blink.dir/home/louati/pico/pico-sdk/src/common/pico_time/time.c.obj
 .bss.last_avail_time.7102
                0x0000000020000e38        0x8 CMakeFiles/blink.dir/home/louati/pico/pico-sdk/src/rp2_common/pico_stdio_usb/stdio_usb.c.obj
 .bss           0x0000000020000e40       0x1c /usr/lib/gcc/arm-none-eabi/9.2.1/thumb/v6-m/nofp/crtbegin.o
 .bss           0x0000000020000e5c      0x104 ../../freertos/libfreertos.a(tasks.c.obj)
                0x0000000020000ee0                pxCurrentTCB
 .bss           0x0000000020000f60       0x3c ../../freertos/libfreertos.a(timers.c.obj)
 .bss           0x0000000020000f9c       0x34 /usr/lib/gcc/arm-none-eabi/9.2.1/../../../arm-none-eabi/lib/thumb/v6-m/nofp/libc.a(lib_a-mallocr.o)
                0x0000000020000f9c                __malloc_top_pad
                0x0000000020000fa0                __malloc_current_mallinfo
                0x0000000020000fc8                __malloc_max_sbrked_mem
                0x0000000020000fcc                __malloc_max_total_mem
 .bss._app_driver
                0x0000000020000fd0        0x4 CMakeFiles/blink.dir/home/louati/pico/pico-sdk/lib/tinyusb/src/device/usbd.c.obj
 .bss._cdcd_itf
                0x0000000020000fd4      0x2d8 CMakeFiles/blink.dir/home/louati/pico/pico-sdk/lib/tinyusb/src/class/cdc/cdc_device.c.obj
 .bss._ctrl_xfer
                0x00000000200012ac       0x14 CMakeFiles/blink.dir/home/louati/pico/pico-sdk/lib/tinyusb/src/device/usbd_control.c.obj
 .bss._ubsd_mutexdef
                0x00000000200012c0        0x8 CMakeFiles/blink.dir/home/louati/pico/pico-sdk/lib/tinyusb/src/device/usbd.c.obj
 .bss._usbd_ctrl_buf
                0x00000000200012c8       0x40 CMakeFiles/blink.dir/home/louati/pico/pico-sdk/lib/tinyusb/src/device/usbd_control.c.obj
 .bss._usbd_dev
                0x0000000020001308       0x37 CMakeFiles/blink.dir/home/louati/pico/pico-sdk/lib/tinyusb/src/device/usbd.c.obj
 *fill*         0x000000002000133f        0x1 
 .bss._usbd_mutex
                0x0000000020001340        0x4 CMakeFiles/blink.dir/home/louati/pico/pico-sdk/lib/tinyusb/src/device/usbd.c.obj
 .bss._usbd_q   0x0000000020001344        0x4 CMakeFiles/blink.dir/home/louati/pico/pico-sdk/lib/tinyusb/src/device/usbd.c.obj
 .bss.alarm_callbacks
                0x0000000020001348       0x10 CMakeFiles/blink.dir/home/louati/pico/pico-sdk/src/rp2_common/hardware_timer/timer.c.obj
 .bss.boot2_copyout
                0x0000000020001358      0x100 CMakeFiles/blink.dir/home/louati/pico/pico-sdk/src/rp2_common/hardware_flash/flash.c.obj
 .bss.claimed   0x0000000020001458        0x4 CMakeFiles/blink.dir/home/louati/pico/pico-sdk/src/rp2_common/hardware_sync/sync.c.obj
 .bss.configured_freq
                0x000000002000145c       0x28 CMakeFiles/blink.dir/home/louati/pico/pico-sdk/src/rp2_common/hardware_clocks/clocks.c.obj
 .bss.default_alarm_pool_entry_ids_high
                0x0000000020001484       0x10 CMakeFiles/blink.dir/home/louati/pico/pico-sdk/src/common/pico_time/time.c.obj
 .bss.default_alarm_pool_heap_nodes
                0x0000000020001494       0x30 CMakeFiles/blink.dir/home/louati/pico/pico-sdk/src/common/pico_time/time.c.obj
 .bss.desc_str.7006
                0x00000000200014c4       0x28 CMakeFiles/blink.dir/home/louati/pico/pico-sdk/src/rp2_common/pico_stdio_usb/stdio_usb_descriptors.c.obj
 .bss.drivers   0x00000000200014ec        0x4 CMakeFiles/blink.dir/home/louati/pico/pico-sdk/src/rp2_common/pico_stdio/stdio.c.obj
 .bss.filter    0x00000000200014f0        0x4 CMakeFiles/blink.dir/home/louati/pico/pico-sdk/src/rp2_common/pico_stdio/stdio.c.obj
 .bss.heap_end.5811
                0x00000000200014f4        0x4 CMakeFiles/blink.dir/home/louati/pico/pico-sdk/src/rp2_common/pico_runtime/runtime.c.obj
 .bss.hw_endpoints
                0x00000000200014f8      0x400 CMakeFiles/blink.dir/home/louati/pico/pico-sdk/lib/tinyusb/src/portable/raspberrypi/rp2040/dcd_rp2040.c.obj
 .bss.lazy_vsnprintf
                0x00000000200018f8        0x4 CMakeFiles/blink.dir/home/louati/pico/pico-sdk/src/rp2_common/pico_printf/printf.c.obj
 .bss.load_value
                0x00000000200018fc        0x4 CMakeFiles/blink.dir/home/louati/pico/pico-sdk/src/rp2_common/hardware_watchdog/watchdog.c.obj
 .bss.next_buffer_ptr
                0x0000000020001900        0x4 CMakeFiles/blink.dir/home/louati/pico/pico-sdk/lib/tinyusb/src/portable/raspberrypi/rp2040/dcd_rp2040.c.obj
 .bss.pools     0x0000000020001904       0x10 CMakeFiles/blink.dir/home/louati/pico/pico-sdk/src/common/pico_time/time.c.obj
 .bss.retrieved_id
                0x0000000020001914        0x8 CMakeFiles/blink.dir/home/louati/pico/pico-sdk/src/rp2_common/pico_unique_id/unique_id.c.obj
 .bss.sleep_notifier
                0x000000002000191c        0x4 CMakeFiles/blink.dir/home/louati/pico/pico-sdk/src/common/pico_time/time.c.obj
 .bss.stdio_usb_mutex
                0x0000000020001920        0x8 CMakeFiles/blink.dir/home/louati/pico/pico-sdk/src/rp2_common/pico_stdio_usb/stdio_usb.c.obj
 .bss.target_hi
                0x0000000020001928       0x10 CMakeFiles/blink.dir/home/louati/pico/pico-sdk/src/rp2_common/hardware_timer/timer.c.obj
 .bss.usbd_serial_str
                0x0000000020001938       0x11 CMakeFiles/blink.dir/home/louati/pico/pico-sdk/src/rp2_common/pico_stdio_usb/stdio_usb_descriptors.c.obj
 *fill*         0x0000000020001949        0x3 
 .bss.xQueue    0x000000002000194c        0x4 CMakeFiles/blink.dir/main.c.obj
 .bss._app_driver_count
                0x0000000020001950        0x1 CMakeFiles/blink.dir/home/louati/pico/pico-sdk/lib/tinyusb/src/device/usbd.c.obj
 .bss._usbd_initialized
                0x0000000020001951        0x1 CMakeFiles/blink.dir/home/louati/pico/pico-sdk/lib/tinyusb/src/device/usbd.c.obj
 .bss.boot2_copyout_valid
                0x0000000020001952        0x1 CMakeFiles/blink.dir/home/louati/pico/pico-sdk/src/rp2_common/hardware_flash/flash.c.obj
 .bss.claimed   0x0000000020001953        0x1 CMakeFiles/blink.dir/home/louati/pico/pico-sdk/src/rp2_common/hardware_timer/timer.c.obj
 .bss.irq_hander_chain_free_slot_head
                0x0000000020001954        0x1 CMakeFiles/blink.dir/home/louati/pico/pico-sdk/src/rp2_common/hardware_irq/irq.c.obj
 .bss.itf_num   0x0000000020001955        0x1 CMakeFiles/blink.dir/home/louati/pico/pico-sdk/src/rp2_common/pico_stdio_usb/reset_interface.c.obj
 .bss.timer_callbacks_pending
                0x0000000020001956        0x1 CMakeFiles/blink.dir/home/louati/pico/pico-sdk/src/rp2_common/hardware_timer/timer.c.obj
 *(COMMON)
 *fill*         0x0000000020001957        0x1 
 COMMON         0x0000000020001958      0x100 CMakeFiles/blink.dir/home/louati/pico/pico-sdk/src/rp2_common/pico_double/double_init_rom.c.obj
                0x0000000020001958                sd_table
 COMMON         0x0000000020001a58      0x104 CMakeFiles/blink.dir/home/louati/pico/pico-sdk/src/rp2_common/pico_float/float_init_rom.c.obj
                0x0000000020001a58                sf_table
                0x0000000020001b58                sf_clz_func
 COMMON         0x0000000020001b5c       0xc0 CMakeFiles/blink.dir/home/louati/pico/pico-sdk/lib/tinyusb/src/device/usbd.c.obj
                0x0000000020001b5c                _usbd_qdef_buf
 COMMON         0x0000000020001c1c       0x50 ../../freertos/libfreertos.a(queue.c.obj)
                0x0000000020001c1c                xQueueRegistry
 COMMON         0x0000000020001c6c        0x4 /usr/lib/gcc/arm-none-eabi/9.2.1/../../../arm-none-eabi/lib/thumb/v6-m/nofp/libc.a(lib_a-reent.o)
                0x0000000020001c6c                errno
                0x0000000020001c70                . = ALIGN (0x4)
                0x0000000020001c70                __bss_end__ = .

.heap           0x0000000020001c70      0x800
                0x0000000020001c70                __end__ = .
                0x0000000020001c70                end = __end__
 *(.heap*)
 .heap          0x0000000020001c70      0x800 CMakeFiles/blink.dir/home/louati/pico/pico-sdk/src/rp2_common/pico_standard_link/crt0.S.obj
                0x0000000020002470                __HeapLimit = .

.stack1_dummy   0x0000000020040000        0x0
 *(.stack1*)

.stack_dummy    0x0000000020041000      0x800
 *(.stack*)
 .stack         0x0000000020041000      0x800 CMakeFiles/blink.dir/home/louati/pico/pico-sdk/src/rp2_common/pico_standard_link/crt0.S.obj

.flash_end      0x0000000010008f00        0x0
                0x0000000010008f00                __flash_binary_end = .
                0x0000000020040000                __StackLimit = (ORIGIN (RAM) + LENGTH (RAM))
                0x0000000020041000                __StackOneTop = (ORIGIN (SCRATCH_X) + LENGTH (SCRATCH_X))
                0x0000000020042000                __StackTop = (ORIGIN (SCRATCH_Y) + LENGTH (SCRATCH_Y))
                0x0000000020041000                __StackOneBottom = (__StackOneTop - SIZEOF (.stack1_dummy))
                0x0000000020041800                __StackBottom = (__StackTop - SIZEOF (.stack_dummy))
                0x0000000020042000                PROVIDE (__stack = __StackTop)
                0x0000000000000001                ASSERT ((__StackLimit >= __HeapLimit), region RAM overflowed)
                0x0000000000000001                ASSERT (((__binary_info_header_end - __logical_binary_start) <= 0x100), Binary info must be in first 256 bytes of the binary)
LOAD CMakeFiles/blink.dir/main.c.obj
LOAD CMakeFiles/blink.dir/home/louati/pico/pico-sdk/src/rp2_common/pico_stdlib/stdlib.c.obj
LOAD CMakeFiles/blink.dir/home/louati/pico/pico-sdk/src/rp2_common/hardware_gpio/gpio.c.obj
LOAD CMakeFiles/blink.dir/home/louati/pico/pico-sdk/src/rp2_common/hardware_claim/claim.c.obj
LOAD CMakeFiles/blink.dir/home/louati/pico/pico-sdk/src/rp2_common/pico_platform/platform.c.obj
LOAD CMakeFiles/blink.dir/home/louati/pico/pico-sdk/src/rp2_common/hardware_sync/sync.c.obj
LOAD CMakeFiles/blink.dir/home/louati/pico/pico-sdk/src/rp2_common/hardware_uart/uart.c.obj
LOAD CMakeFiles/blink.dir/home/louati/pico/pico-sdk/src/rp2_common/hardware_divider/divider.S.obj
LOAD CMakeFiles/blink.dir/home/louati/pico/pico-sdk/src/common/pico_time/time.c.obj
LOAD CMakeFiles/blink.dir/home/louati/pico/pico-sdk/src/common/pico_time/timeout_helper.c.obj
LOAD CMakeFiles/blink.dir/home/louati/pico/pico-sdk/src/rp2_common/hardware_timer/timer.c.obj
LOAD CMakeFiles/blink.dir/home/louati/pico/pico-sdk/src/common/pico_sync/sem.c.obj
LOAD CMakeFiles/blink.dir/home/louati/pico/pico-sdk/src/common/pico_sync/lock_core.c.obj
LOAD CMakeFiles/blink.dir/home/louati/pico/pico-sdk/src/common/pico_sync/mutex.c.obj
LOAD CMakeFiles/blink.dir/home/louati/pico/pico-sdk/src/common/pico_sync/critical_section.c.obj
LOAD CMakeFiles/blink.dir/home/louati/pico/pico-sdk/src/common/pico_util/datetime.c.obj
LOAD CMakeFiles/blink.dir/home/louati/pico/pico-sdk/src/common/pico_util/pheap.c.obj
LOAD CMakeFiles/blink.dir/home/louati/pico/pico-sdk/src/common/pico_util/queue.c.obj
LOAD CMakeFiles/blink.dir/home/louati/pico/pico-sdk/src/rp2_common/pico_runtime/runtime.c.obj
LOAD CMakeFiles/blink.dir/home/louati/pico/pico-sdk/src/rp2_common/hardware_clocks/clocks.c.obj
LOAD CMakeFiles/blink.dir/home/louati/pico/pico-sdk/src/rp2_common/hardware_irq/irq.c.obj
LOAD CMakeFiles/blink.dir/home/louati/pico/pico-sdk/src/rp2_common/hardware_irq/irq_handler_chain.S.obj
LOAD CMakeFiles/blink.dir/home/louati/pico/pico-sdk/src/rp2_common/hardware_pll/pll.c.obj
LOAD CMakeFiles/blink.dir/home/louati/pico/pico-sdk/src/rp2_common/hardware_vreg/vreg.c.obj
LOAD CMakeFiles/blink.dir/home/louati/pico/pico-sdk/src/rp2_common/hardware_watchdog/watchdog.c.obj
LOAD CMakeFiles/blink.dir/home/louati/pico/pico-sdk/src/rp2_common/hardware_xosc/xosc.c.obj
LOAD CMakeFiles/blink.dir/home/louati/pico/pico-sdk/src/rp2_common/pico_printf/printf.c.obj
LOAD CMakeFiles/blink.dir/home/louati/pico/pico-sdk/src/rp2_common/pico_bit_ops/bit_ops_aeabi.S.obj
LOAD CMakeFiles/blink.dir/home/louati/pico/pico-sdk/src/rp2_common/pico_bootrom/bootrom.c.obj
LOAD CMakeFiles/blink.dir/home/louati/pico/pico-sdk/src/rp2_common/pico_divider/divider.S.obj
LOAD CMakeFiles/blink.dir/home/louati/pico/pico-sdk/src/rp2_common/pico_double/double_aeabi.S.obj
LOAD CMakeFiles/blink.dir/home/louati/pico/pico-sdk/src/rp2_common/pico_double/double_init_rom.c.obj
LOAD CMakeFiles/blink.dir/home/louati/pico/pico-sdk/src/rp2_common/pico_double/double_math.c.obj
LOAD CMakeFiles/blink.dir/home/louati/pico/pico-sdk/src/rp2_common/pico_double/double_v1_rom_shim.S.obj
LOAD CMakeFiles/blink.dir/home/louati/pico/pico-sdk/src/rp2_common/pico_int64_ops/pico_int64_ops_aeabi.S.obj
LOAD CMakeFiles/blink.dir/home/louati/pico/pico-sdk/src/rp2_common/pico_float/float_aeabi.S.obj
LOAD CMakeFiles/blink.dir/home/louati/pico/pico-sdk/src/rp2_common/pico_float/float_init_rom.c.obj
LOAD CMakeFiles/blink.dir/home/louati/pico/pico-sdk/src/rp2_common/pico_float/float_math.c.obj
LOAD CMakeFiles/blink.dir/home/louati/pico/pico-sdk/src/rp2_common/pico_float/float_v1_rom_shim.S.obj
LOAD CMakeFiles/blink.dir/home/louati/pico/pico-sdk/src/rp2_common/pico_malloc/pico_malloc.c.obj
LOAD CMakeFiles/blink.dir/home/louati/pico/pico-sdk/src/rp2_common/pico_mem_ops/mem_ops_aeabi.S.obj
LOAD CMakeFiles/blink.dir/home/louati/pico/pico-sdk/src/rp2_common/pico_standard_link/crt0.S.obj
LOAD CMakeFiles/blink.dir/home/louati/pico/pico-sdk/src/rp2_common/pico_standard_link/new_delete.cpp.obj
LOAD CMakeFiles/blink.dir/home/louati/pico/pico-sdk/src/rp2_common/pico_standard_link/binary_info.c.obj
LOAD CMakeFiles/blink.dir/home/louati/pico/pico-sdk/src/rp2_common/pico_stdio/stdio.c.obj
LOAD CMakeFiles/blink.dir/home/louati/pico/pico-sdk/src/rp2_common/pico_stdio_usb/reset_interface.c.obj
LOAD CMakeFiles/blink.dir/home/louati/pico/pico-sdk/src/rp2_common/pico_stdio_usb/stdio_usb.c.obj
LOAD CMakeFiles/blink.dir/home/louati/pico/pico-sdk/src/rp2_common/pico_stdio_usb/stdio_usb_descriptors.c.obj
LOAD CMakeFiles/blink.dir/home/louati/pico/pico-sdk/lib/tinyusb/src/portable/raspberrypi/rp2040/dcd_rp2040.c.obj
LOAD CMakeFiles/blink.dir/home/louati/pico/pico-sdk/lib/tinyusb/src/portable/raspberrypi/rp2040/rp2040_usb.c.obj
LOAD CMakeFiles/blink.dir/home/louati/pico/pico-sdk/lib/tinyusb/src/device/usbd.c.obj
LOAD CMakeFiles/blink.dir/home/louati/pico/pico-sdk/lib/tinyusb/src/device/usbd_control.c.obj
LOAD CMakeFiles/blink.dir/home/louati/pico/pico-sdk/lib/tinyusb/src/class/audio/audio_device.c.obj
LOAD CMakeFiles/blink.dir/home/louati/pico/pico-sdk/lib/tinyusb/src/class/cdc/cdc_device.c.obj
LOAD CMakeFiles/blink.dir/home/louati/pico/pico-sdk/lib/tinyusb/src/class/dfu/dfu_device.c.obj
LOAD CMakeFiles/blink.dir/home/louati/pico/pico-sdk/lib/tinyusb/src/class/dfu/dfu_rt_device.c.obj
LOAD CMakeFiles/blink.dir/home/louati/pico/pico-sdk/lib/tinyusb/src/class/hid/hid_device.c.obj
LOAD CMakeFiles/blink.dir/home/louati/pico/pico-sdk/lib/tinyusb/src/class/midi/midi_device.c.obj
LOAD CMakeFiles/blink.dir/home/louati/pico/pico-sdk/lib/tinyusb/src/class/msc/msc_device.c.obj
LOAD CMakeFiles/blink.dir/home/louati/pico/pico-sdk/lib/tinyusb/src/class/net/net_device.c.obj
LOAD CMakeFiles/blink.dir/home/louati/pico/pico-sdk/lib/tinyusb/src/class/usbtmc/usbtmc_device.c.obj
LOAD CMakeFiles/blink.dir/home/louati/pico/pico-sdk/lib/tinyusb/src/class/vendor/vendor_device.c.obj
LOAD CMakeFiles/blink.dir/home/louati/pico/pico-sdk/lib/tinyusb/src/tusb.c.obj
LOAD CMakeFiles/blink.dir/home/louati/pico/pico-sdk/lib/tinyusb/src/common/tusb_fifo.c.obj
LOAD CMakeFiles/blink.dir/home/louati/pico/pico-sdk/src/rp2_common/pico_fix/rp2040_usb_device_enumeration/rp2040_usb_device_enumeration.c.obj
LOAD CMakeFiles/blink.dir/home/louati/pico/pico-sdk/src/rp2_common/pico_unique_id/unique_id.c.obj
LOAD CMakeFiles/blink.dir/home/louati/pico/pico-sdk/src/rp2_common/hardware_flash/flash.c.obj
LOAD ../../freertos/libfreertos.a
LOAD /tmp/ccYplFpX.o
LOAD /usr/lib/gcc/arm-none-eabi/9.2.1/../../../arm-none-eabi/lib/thumb/v6-m/nofp/libstdc++.a
LOAD /usr/lib/gcc/arm-none-eabi/9.2.1/../../../arm-none-eabi/lib/thumb/v6-m/nofp/libm.a
START GROUP
LOAD /usr/lib/gcc/arm-none-eabi/9.2.1/thumb/v6-m/nofp/libgcc.a
LOAD /usr/lib/gcc/arm-none-eabi/9.2.1/../../../arm-none-eabi/lib/thumb/v6-m/nofp/libc.a
END GROUP
START GROUP
LOAD /usr/lib/gcc/arm-none-eabi/9.2.1/thumb/v6-m/nofp/libgcc.a
LOAD /usr/lib/gcc/arm-none-eabi/9.2.1/../../../arm-none-eabi/lib/thumb/v6-m/nofp/libc.a
LOAD /usr/lib/gcc/arm-none-eabi/9.2.1/../../../arm-none-eabi/lib/thumb/v6-m/nofp/libnosys.a
END GROUP
LOAD /usr/lib/gcc/arm-none-eabi/9.2.1/thumb/v6-m/nofp/crtend.o
LOAD /usr/lib/gcc/arm-none-eabi/9.2.1/thumb/v6-m/nofp/crtn.o
OUTPUT(blink.elf elf32-littlearm)
LOAD linker stubs

.ARM.attributes
                0x0000000000000000       0x28
 .ARM.attributes
                0x0000000000000000       0x1e /usr/lib/gcc/arm-none-eabi/9.2.1/thumb/v6-m/nofp/crti.o
 .ARM.attributes
                0x000000000000001e       0x2c /usr/lib/gcc/arm-none-eabi/9.2.1/thumb/v6-m/nofp/crtbegin.o
 .ARM.attributes
                0x000000000000004a       0x2c CMakeFiles/blink.dir/main.c.obj
 .ARM.attributes
                0x0000000000000076       0x2c CMakeFiles/blink.dir/home/louati/pico/pico-sdk/src/rp2_common/hardware_claim/claim.c.obj
 .ARM.attributes
                0x00000000000000a2       0x2c CMakeFiles/blink.dir/home/louati/pico/pico-sdk/src/rp2_common/pico_platform/platform.c.obj
 .ARM.attributes
                0x00000000000000ce       0x2c CMakeFiles/blink.dir/home/louati/pico/pico-sdk/src/rp2_common/hardware_sync/sync.c.obj
 .ARM.attributes
                0x00000000000000fa       0x2c CMakeFiles/blink.dir/home/louati/pico/pico-sdk/src/common/pico_time/time.c.obj
 .ARM.attributes
                0x0000000000000126       0x2c CMakeFiles/blink.dir/home/louati/pico/pico-sdk/src/rp2_common/hardware_timer/timer.c.obj
 .ARM.attributes
                0x0000000000000152       0x2c CMakeFiles/blink.dir/home/louati/pico/pico-sdk/src/common/pico_sync/lock_core.c.obj
 .ARM.attributes
                0x000000000000017e       0x2c CMakeFiles/blink.dir/home/louati/pico/pico-sdk/src/common/pico_sync/mutex.c.obj
 .ARM.attributes
                0x00000000000001aa       0x2c CMakeFiles/blink.dir/home/louati/pico/pico-sdk/src/common/pico_sync/critical_section.c.obj
 .ARM.attributes
                0x00000000000001d6       0x2c CMakeFiles/blink.dir/home/louati/pico/pico-sdk/src/common/pico_util/pheap.c.obj
 .ARM.attributes
                0x0000000000000202       0x2c CMakeFiles/blink.dir/home/louati/pico/pico-sdk/src/rp2_common/pico_runtime/runtime.c.obj
 .ARM.attributes
                0x000000000000022e       0x2c CMakeFiles/blink.dir/home/louati/pico/pico-sdk/src/rp2_common/hardware_clocks/clocks.c.obj
 .ARM.attributes
                0x000000000000025a       0x2c CMakeFiles/blink.dir/home/louati/pico/pico-sdk/src/rp2_common/hardware_irq/irq.c.obj
 .ARM.attributes
                0x0000000000000286       0x22 CMakeFiles/blink.dir/home/louati/pico/pico-sdk/src/rp2_common/hardware_irq/irq_handler_chain.S.obj
 .ARM.attributes
                0x00000000000002a8       0x2c CMakeFiles/blink.dir/home/louati/pico/pico-sdk/src/rp2_common/hardware_pll/pll.c.obj
 .ARM.attributes
                0x00000000000002d4       0x2c CMakeFiles/blink.dir/home/louati/pico/pico-sdk/src/rp2_common/hardware_watchdog/watchdog.c.obj
 .ARM.attributes
                0x0000000000000300       0x2c CMakeFiles/blink.dir/home/louati/pico/pico-sdk/src/rp2_common/hardware_xosc/xosc.c.obj
 .ARM.attributes
                0x000000000000032c       0x2c CMakeFiles/blink.dir/home/louati/pico/pico-sdk/src/rp2_common/pico_printf/printf.c.obj
 .ARM.attributes
                0x0000000000000358       0x22 CMakeFiles/blink.dir/home/louati/pico/pico-sdk/src/rp2_common/pico_bit_ops/bit_ops_aeabi.S.obj
 .ARM.attributes
                0x000000000000037a       0x2c CMakeFiles/blink.dir/home/louati/pico/pico-sdk/src/rp2_common/pico_bootrom/bootrom.c.obj
 .ARM.attributes
                0x00000000000003a6       0x22 CMakeFiles/blink.dir/home/louati/pico/pico-sdk/src/rp2_common/pico_divider/divider.S.obj
 .ARM.attributes
                0x00000000000003c8       0x22 CMakeFiles/blink.dir/home/louati/pico/pico-sdk/src/rp2_common/pico_double/double_aeabi.S.obj
 .ARM.attributes
                0x00000000000003ea       0x2c CMakeFiles/blink.dir/home/louati/pico/pico-sdk/src/rp2_common/pico_double/double_init_rom.c.obj
 .ARM.attributes
                0x0000000000000416       0x22 CMakeFiles/blink.dir/home/louati/pico/pico-sdk/src/rp2_common/pico_double/double_v1_rom_shim.S.obj
 .ARM.attributes
                0x0000000000000438       0x22 CMakeFiles/blink.dir/home/louati/pico/pico-sdk/src/rp2_common/pico_int64_ops/pico_int64_ops_aeabi.S.obj
 .ARM.attributes
                0x000000000000045a       0x22 CMakeFiles/blink.dir/home/louati/pico/pico-sdk/src/rp2_common/pico_float/float_aeabi.S.obj
 .ARM.attributes
                0x000000000000047c       0x2c CMakeFiles/blink.dir/home/louati/pico/pico-sdk/src/rp2_common/pico_float/float_init_rom.c.obj
 .ARM.attributes
                0x00000000000004a8       0x22 CMakeFiles/blink.dir/home/louati/pico/pico-sdk/src/rp2_common/pico_float/float_v1_rom_shim.S.obj
 .ARM.attributes
                0x00000000000004ca       0x2c CMakeFiles/blink.dir/home/louati/pico/pico-sdk/src/rp2_common/pico_malloc/pico_malloc.c.obj
 .ARM.attributes
                0x00000000000004f6       0x22 CMakeFiles/blink.dir/home/louati/pico/pico-sdk/src/rp2_common/pico_mem_ops/mem_ops_aeabi.S.obj
 .ARM.attributes
                0x0000000000000518       0x22 CMakeFiles/blink.dir/home/louati/pico/pico-sdk/src/rp2_common/pico_standard_link/crt0.S.obj
 .ARM.attributes
                0x000000000000053a       0x32 CMakeFiles/blink.dir/home/louati/pico/pico-sdk/src/rp2_common/pico_standard_link/binary_info.c.obj
 .ARM.attributes
                0x000000000000056c       0x2c CMakeFiles/blink.dir/home/louati/pico/pico-sdk/src/rp2_common/pico_stdio/stdio.c.obj
 .ARM.attributes
                0x0000000000000598       0x2c CMakeFiles/blink.dir/home/louati/pico/pico-sdk/src/rp2_common/pico_stdio_usb/reset_interface.c.obj
 .ARM.attributes
                0x00000000000005c4       0x2c CMakeFiles/blink.dir/home/louati/pico/pico-sdk/src/rp2_common/pico_stdio_usb/stdio_usb.c.obj
 .ARM.attributes
                0x00000000000005f0       0x2c CMakeFiles/blink.dir/home/louati/pico/pico-sdk/src/rp2_common/pico_stdio_usb/stdio_usb_descriptors.c.obj
 .ARM.attributes
                0x000000000000061c       0x2c CMakeFiles/blink.dir/home/louati/pico/pico-sdk/lib/tinyusb/src/portable/raspberrypi/rp2040/dcd_rp2040.c.obj
 .ARM.attributes
                0x0000000000000648       0x2c CMakeFiles/blink.dir/home/louati/pico/pico-sdk/lib/tinyusb/src/portable/raspberrypi/rp2040/rp2040_usb.c.obj
 .ARM.attributes
                0x0000000000000674       0x2c CMakeFiles/blink.dir/home/louati/pico/pico-sdk/lib/tinyusb/src/device/usbd.c.obj
 .ARM.attributes
                0x00000000000006a0       0x2c CMakeFiles/blink.dir/home/louati/pico/pico-sdk/lib/tinyusb/src/device/usbd_control.c.obj
 .ARM.attributes
                0x00000000000006cc       0x2c CMakeFiles/blink.dir/home/louati/pico/pico-sdk/lib/tinyusb/src/class/cdc/cdc_device.c.obj
 .ARM.attributes
                0x00000000000006f8       0x2c CMakeFiles/blink.dir/home/louati/pico/pico-sdk/lib/tinyusb/src/tusb.c.obj
 .ARM.attributes
                0x0000000000000724       0x2c CMakeFiles/blink.dir/home/louati/pico/pico-sdk/lib/tinyusb/src/common/tusb_fifo.c.obj
 .ARM.attributes
                0x0000000000000750       0x2c CMakeFiles/blink.dir/home/louati/pico/pico-sdk/src/rp2_common/pico_unique_id/unique_id.c.obj
 .ARM.attributes
                0x000000000000077c       0x2c CMakeFiles/blink.dir/home/louati/pico/pico-sdk/src/rp2_common/hardware_flash/flash.c.obj
 .ARM.attributes
                0x00000000000007a8       0x2c ../../freertos/libfreertos.a(queue.c.obj)
 .ARM.attributes
                0x00000000000007d4       0x2c ../../freertos/libfreertos.a(tasks.c.obj)
 .ARM.attributes
                0x0000000000000800       0x2c ../../freertos/libfreertos.a(timers.c.obj)
 .ARM.attributes
                0x000000000000082c       0x2c ../../freertos/libfreertos.a(heap_3.c.obj)
 .ARM.attributes
                0x0000000000000858       0x2c ../../freertos/libfreertos.a(port.c.obj)
 .ARM.attributes
                0x0000000000000884       0x2c ../../freertos/libfreertos.a(list.c.obj)
 .ARM.attributes
                0x00000000000008b0       0x22 /tmp/ccYplFpX.o
 .ARM.attributes
                0x00000000000008d2       0x1e /usr/lib/gcc/arm-none-eabi/9.2.1/thumb/v6-m/nofp/libgcc.a(_dvmd_tls.o)
 .ARM.attributes
                0x00000000000008f0       0x2c /usr/lib/gcc/arm-none-eabi/9.2.1/../../../arm-none-eabi/lib/thumb/v6-m/nofp/libc.a(lib_a-impure.o)
 .ARM.attributes
                0x000000000000091c       0x2c /usr/lib/gcc/arm-none-eabi/9.2.1/../../../arm-none-eabi/lib/thumb/v6-m/nofp/libc.a(lib_a-malloc.o)
 .ARM.attributes
                0x0000000000000948       0x2c /usr/lib/gcc/arm-none-eabi/9.2.1/../../../arm-none-eabi/lib/thumb/v6-m/nofp/libc.a(lib_a-mallocr.o)
 .ARM.attributes
                0x0000000000000974       0x2c /usr/lib/gcc/arm-none-eabi/9.2.1/../../../arm-none-eabi/lib/thumb/v6-m/nofp/libc.a(lib_a-mlock.o)
 .ARM.attributes
                0x00000000000009a0       0x2c /usr/lib/gcc/arm-none-eabi/9.2.1/../../../arm-none-eabi/lib/thumb/v6-m/nofp/libc.a(lib_a-sbrkr.o)
 .ARM.attributes
                0x00000000000009cc       0x2c /usr/lib/gcc/arm-none-eabi/9.2.1/../../../arm-none-eabi/lib/thumb/v6-m/nofp/libc.a(lib_a-strlen-stub.o)
 .ARM.attributes
                0x00000000000009f8       0x2c /usr/lib/gcc/arm-none-eabi/9.2.1/../../../arm-none-eabi/lib/thumb/v6-m/nofp/libc.a(lib_a-freer.o)
 .ARM.attributes
                0x0000000000000a24       0x2c /usr/lib/gcc/arm-none-eabi/9.2.1/../../../arm-none-eabi/lib/thumb/v6-m/nofp/libc.a(lib_a-reent.o)
 .ARM.attributes
                0x0000000000000a50       0x2c /usr/lib/gcc/arm-none-eabi/9.2.1/thumb/v6-m/nofp/crtend.o

.comment        0x0000000000000000       0x59
 .comment       0x0000000000000000       0x59 /usr/lib/gcc/arm-none-eabi/9.2.1/thumb/v6-m/nofp/crtbegin.o
                                         0x5a (size before relaxing)
 .comment       0x0000000000000059       0x5a CMakeFiles/blink.dir/main.c.obj
 .comment       0x0000000000000059       0x5a CMakeFiles/blink.dir/home/louati/pico/pico-sdk/src/rp2_common/hardware_claim/claim.c.obj
 .comment       0x0000000000000059       0x5a CMakeFiles/blink.dir/home/louati/pico/pico-sdk/src/rp2_common/pico_platform/platform.c.obj
 .comment       0x0000000000000059       0x5a CMakeFiles/blink.dir/home/louati/pico/pico-sdk/src/rp2_common/hardware_sync/sync.c.obj
 .comment       0x0000000000000059       0x5a CMakeFiles/blink.dir/home/louati/pico/pico-sdk/src/common/pico_time/time.c.obj
 .comment       0x0000000000000059       0x5a CMakeFiles/blink.dir/home/louati/pico/pico-sdk/src/rp2_common/hardware_timer/timer.c.obj
 .comment       0x0000000000000059       0x5a CMakeFiles/blink.dir/home/louati/pico/pico-sdk/src/common/pico_sync/lock_core.c.obj
 .comment       0x0000000000000059       0x5a CMakeFiles/blink.dir/home/louati/pico/pico-sdk/src/common/pico_sync/mutex.c.obj
 .comment       0x0000000000000059       0x5a CMakeFiles/blink.dir/home/louati/pico/pico-sdk/src/common/pico_sync/critical_section.c.obj
 .comment       0x0000000000000059       0x5a CMakeFiles/blink.dir/home/louati/pico/pico-sdk/src/common/pico_util/pheap.c.obj
 .comment       0x0000000000000059       0x5a CMakeFiles/blink.dir/home/louati/pico/pico-sdk/src/rp2_common/pico_runtime/runtime.c.obj
 .comment       0x0000000000000059       0x5a CMakeFiles/blink.dir/home/louati/pico/pico-sdk/src/rp2_common/hardware_clocks/clocks.c.obj
 .comment       0x0000000000000059       0x5a CMakeFiles/blink.dir/home/louati/pico/pico-sdk/src/rp2_common/hardware_irq/irq.c.obj
 .comment       0x0000000000000059       0x5a CMakeFiles/blink.dir/home/louati/pico/pico-sdk/src/rp2_common/hardware_pll/pll.c.obj
 .comment       0x0000000000000059       0x5a CMakeFiles/blink.dir/home/louati/pico/pico-sdk/src/rp2_common/hardware_watchdog/watchdog.c.obj
 .comment       0x0000000000000059       0x5a CMakeFiles/blink.dir/home/louati/pico/pico-sdk/src/rp2_common/hardware_xosc/xosc.c.obj
 .comment       0x0000000000000059       0x5a CMakeFiles/blink.dir/home/louati/pico/pico-sdk/src/rp2_common/pico_printf/printf.c.obj
 .comment       0x0000000000000059       0x5a CMakeFiles/blink.dir/home/louati/pico/pico-sdk/src/rp2_common/pico_bootrom/bootrom.c.obj
 .comment       0x0000000000000059       0x5a CMakeFiles/blink.dir/home/louati/pico/pico-sdk/src/rp2_common/pico_double/double_init_rom.c.obj
 .comment       0x0000000000000059       0x5a CMakeFiles/blink.dir/home/louati/pico/pico-sdk/src/rp2_common/pico_float/float_init_rom.c.obj
 .comment       0x0000000000000059       0x5a CMakeFiles/blink.dir/home/louati/pico/pico-sdk/src/rp2_common/pico_malloc/pico_malloc.c.obj
 .comment       0x0000000000000059       0x5a CMakeFiles/blink.dir/home/louati/pico/pico-sdk/src/rp2_common/pico_standard_link/binary_info.c.obj